2025-06-01 08:32:11,054 [INFO] === Démarrage de la partie 98 ===
2025-06-01 08:32:11,067 [INFO] Fichier de log: logs/game_98.log
2025-06-01 08:32:11,085 [INFO] Configuration JSON chargée et réinitialisée avec succès
2025-06-01 08:32:11,361 [INFO] Initialisation de l'application principale
2025-06-01 08:32:11,418 [DEBUG] Interface principale créée
2025-06-01 08:32:11,436 [DEBUG] Menu principal créé avec succès
2025-06-01 08:32:11,450 [INFO] Application démarrée avec succès
2025-06-01 08:32:12,570 [INFO] Configuration de la campagne test sauvegardée
2025-06-01 08:32:12,600 [INFO] Démarrage du round 1
2025-06-01 08:32:12,617 [INFO] Rechargement des données du jeu depuis config.json
2025-06-01 08:32:12,633 [INFO] Données du jeu rechargées avec succès
2025-06-01 08:32:12,649 [INFO] Rechargement des données du jeu depuis config.json
2025-06-01 08:32:12,666 [INFO] Données du jeu rechargées avec succès
2025-06-01 08:32:32,542 [INFO] [ENERGIE] A6M5 (J1-A1) : changement d'énergie de 0
2025-06-01 08:32:33,892 [INFO] [ENERGIE] A6M5 (J1-A1) : changement d'énergie de 0
2025-06-01 08:32:37,407 [INFO] [ENERGIE] F4U (J2-A1) : changement d'énergie de 0
2025-06-01 08:32:43,389 [INFO] [PHASE] Fin de la phase d'énergie - Round 1
2025-06-01 08:32:43,406 [INFO] [ENERGIE] A6M5 (J1-A1) : énergie finale = 1
2025-06-01 08:32:43,421 [INFO] [ENERGIE] F4U (J2-A1) : énergie finale = 1
2025-06-01 08:32:45,276 [INFO] Phase d'attaque terminée et sauvegardée
2025-06-01 08:32:45,308 [INFO] [ETAT] A6M5 (J1-A1) de l'équipe Japon est toujours actif
2025-06-01 08:32:45,320 [INFO] [ETAT] F4U (J2-A1) de l'équipe US est toujours actif
2025-06-01 08:32:45,337 [INFO] [ETAT] A6M5 (J1-A1) de l'équipe Japon est toujours actif
2025-06-01 08:32:45,352 [INFO] [ETAT] F4U (J2-A1) de l'équipe US est toujours actif
2025-06-01 08:32:45,369 [INFO] [MENACE RÉINITIALISÉE] A6M5 (J1-A1) :  -> supprimée
2025-06-01 08:32:45,385 [INFO] [MENACE RÉINITIALISÉE] F4U (J2-A1) :  -> supprimée
2025-06-01 08:32:46,989 [INFO] [ROUND] Fin du round 1
2025-06-01 08:32:47,054 [INFO] [ETAT] A6M5 (J1-A1) : PV=12, Energie=1, Critiques=aucun
2025-06-01 08:32:47,071 [INFO] [ETAT] F4U (J2-A1) : PV=27, Energie=1, Critiques=aucun
2025-06-01 08:32:47,088 [INFO] [SAUVEGARDE] Round 1 terminé et sauvegardé
2025-06-01 08:32:47,102 [INFO] [ROUND] Début du round 2
2025-06-01 08:32:47,121 [INFO] Démarrage du round 2
2025-06-01 08:32:47,135 [INFO] Rechargement des données du jeu depuis config.json
2025-06-01 08:32:47,152 [INFO] Données du jeu rechargées avec succès
2025-06-01 08:32:47,168 [INFO] Rechargement des données du jeu depuis config.json
2025-06-01 08:32:47,185 [INFO] Données du jeu rechargées avec succès
2025-06-01 08:32:49,422 [INFO] [ENERGIE] A6M5 (J1-A1) : changement d'énergie de 0
2025-06-01 08:32:50,023 [INFO] [ENERGIE] F4U (J2-A1) : changement d'énergie de 0
2025-06-01 08:32:50,856 [INFO] [PHASE] Fin de la phase d'énergie - Round 2
2025-06-01 08:32:50,903 [INFO] [ENERGIE] A6M5 (J1-A1) : énergie finale = 1
2025-06-01 08:32:50,919 [INFO] [ENERGIE] F4U (J2-A1) : énergie finale = 1
2025-06-01 08:32:55,507 [INFO] [CRITIQUE] F4U (J2-A1) : critique(s) sélectionné(s) Arme Enrayée, Blackout (dé: 4, arme: mitraillette)
2025-06-01 08:32:57,689 [INFO] [CRITIQUE] F4U (J2-A1) : application des critiques Arme Enrayée, Blackout
2025-06-01 08:32:57,739 [INFO] Phase d'attaque terminée et sauvegardée
2025-06-01 08:32:57,757 [INFO] [ETAT] A6M5 (J1-A1) de l'équipe Japon est toujours actif
2025-06-01 08:32:57,769 [INFO] [ETAT] F4U (J2-A1) de l'équipe US est toujours actif
2025-06-01 08:32:57,785 [INFO] [ETAT] A6M5 (J1-A1) de l'équipe Japon est toujours actif
2025-06-01 08:32:57,801 [INFO] [ETAT] F4U (J2-A1) de l'équipe US est toujours actif
2025-06-01 08:32:59,189 [INFO] [ROUND] Fin du round 2
2025-06-01 08:32:59,219 [INFO] [ETAT] A6M5 (J1-A1) : PV=12, Energie=1, Critiques=aucun
2025-06-01 08:32:59,235 [INFO] [ETAT] F4U (J2-A1) : PV=27, Energie=1, Critiques=Arme Enrayée, Blackout
2025-06-01 08:32:59,252 [INFO] [SAUVEGARDE] Round 2 terminé et sauvegardé
2025-06-01 08:32:59,268 [INFO] [ROUND] Début du round 3
2025-06-01 08:32:59,287 [INFO] Démarrage du round 3
2025-06-01 08:32:59,301 [INFO] Rechargement des données du jeu depuis config.json
2025-06-01 08:32:59,318 [INFO] Données du jeu rechargées avec succès
2025-06-01 08:32:59,334 [INFO] Rechargement des données du jeu depuis config.json
2025-06-01 08:32:59,351 [INFO] Données du jeu rechargées avec succès
2025-06-01 08:33:05,305 [INFO] [ENERGIE] F4U (J2-A1) : changement d'énergie de 0
2025-06-01 08:33:09,470 [INFO] [ENERGIE] A6M5 (J1-A1) : changement d'énergie de 0
2025-06-01 08:33:12,438 [INFO] [CRITIQUE RETIRÉ] F4U (J2-A1) : le critique "Blackout" a été retiré
