2025-06-01 06:43:41,943 [INFO] === Démarrage de la partie 70 ===
2025-06-01 06:43:41,969 [INFO] Fichier de log: logs/game_70.log
2025-06-01 06:43:41,986 [INFO] Configuration JSON chargée et réinitialisée avec succès
2025-06-01 06:43:42,267 [INFO] Initialisation de l'application principale
2025-06-01 06:43:42,335 [DEBUG] Interface principale créée
2025-06-01 06:43:42,353 [DEBUG] Menu principal créé avec succès
2025-06-01 06:43:42,368 [INFO] Application démarrée avec succès
2025-06-01 06:43:46,737 [INFO] Ouverture de la fenêtre de choix des joueurs
2025-06-01 06:43:52,709 [INFO] Démarrage du round 1
2025-06-01 06:43:52,771 [INFO] Rechargement des données du jeu depuis config.json
2025-06-01 06:43:52,786 [INFO] Données du jeu rechargées avec succès
2025-06-01 06:43:52,802 [INFO] Rechargement des données du jeu depuis config.json
2025-06-01 06:43:52,819 [INFO] Données du jeu rechargées avec succès
2025-06-01 06:43:58,888 [INFO] [ENERGIE] A6M5 (J1-A1) : changement d'énergie de 0
2025-06-01 06:43:59,971 [INFO] [ENERGIE] F4U (J2-A1) : changement d'énergie de 0
2025-06-01 06:44:01,321 [INFO] [PHASE] Fin de la phase d'énergie - Round 1
2025-06-01 06:44:01,371 [INFO] [ENERGIE] A6M5 (J1-A1) : énergie finale = 1
2025-06-01 06:44:01,386 [INFO] [ENERGIE] F4U (J2-A1) : énergie finale = 1
2025-06-01 06:44:09,071 [INFO] [DEGATS] A6M5 (J1-A1) : subit 12 dégâts (PV: 12 -> 0)
2025-06-01 06:44:09,104 [INFO] [DESTRUCTION] A6M5 (J1-A1) est détruit!
2025-06-01 06:44:19,956 [INFO] Phase d'attaque terminée et sauvegardée
2025-06-01 06:44:19,992 [INFO] [ETAT] F4U (J2-A1) de l'équipe US est toujours actif
2025-06-01 06:44:20,003 [INFO] [VICTOIRE] L'équipe US remporte la partie avec 1 avion(s) restant(s)!
2025-06-01 06:44:22,171 [INFO] Ouverture de la fenêtre de choix des joueurs
2025-06-01 06:44:29,726 [INFO] Démarrage du round 1
2025-06-01 06:44:29,804 [INFO] Rechargement des données du jeu depuis config.json
2025-06-01 06:44:29,820 [INFO] Données du jeu rechargées avec succès
2025-06-01 06:44:29,836 [INFO] Rechargement des données du jeu depuis config.json
2025-06-01 06:44:29,852 [INFO] Données du jeu rechargées avec succès
2025-06-01 06:44:33,404 [INFO] [ENERGIE] F4U (J2-A1) : changement d'énergie de 0
2025-06-01 06:44:34,436 [INFO] [ENERGIE] A6M5 (J1-A1) : changement d'énergie de 0
2025-06-01 06:44:35,454 [INFO] [PHASE] Fin de la phase d'énergie - Round 1
2025-06-01 06:44:35,504 [INFO] [ENERGIE] F4U (J2-A1) : énergie finale = 1
2025-06-01 06:44:35,520 [INFO] [ENERGIE] A6M5 (J1-A1) : énergie finale = 1
2025-06-01 06:44:39,804 [INFO] [DEGATS] A6M5 (J1-A1) : subit 3 dégâts (PV: 12 -> 9)
2025-06-01 06:44:44,538 [INFO] [CRITIQUE] F4U (J2-A1) : critique(s) sélectionné(s) Controls Hit (dé: 5, arme: mitraillette)
2025-06-01 06:44:47,038 [INFO] [CRITIQUE] F4U (J2-A1) : application des critiques Controls Hit
2025-06-01 06:44:47,089 [INFO] Phase d'attaque terminée et sauvegardée
2025-06-01 06:44:47,106 [INFO] [ETAT] A6M5 (J1-A1) de l'équipe Japon est toujours actif
2025-06-01 06:44:47,118 [INFO] [ETAT] F4U (J2-A1) de l'équipe US est toujours actif
2025-06-01 06:44:47,135 [INFO] [ETAT] A6M5 (J1-A1) de l'équipe Japon est toujours actif
2025-06-01 06:44:47,151 [INFO] [ETAT] F4U (J2-A1) de l'équipe US est toujours actif
2025-06-01 06:44:50,120 [INFO] [ROUND] Fin du round 1
2025-06-01 06:44:50,170 [INFO] [ETAT] A6M5 (J1-A1) : PV=9, Energie=1, Critiques=aucun
2025-06-01 06:44:50,186 [INFO] [ETAT] F4U (J2-A1) : PV=27, Energie=1, Critiques=Controls Hit
2025-06-01 06:44:50,203 [INFO] [SAUVEGARDE] Round 1 terminé et sauvegardé
2025-06-01 06:44:50,218 [INFO] [ROUND] Début du round 2
2025-06-01 06:44:50,236 [INFO] Démarrage du round 2
2025-06-01 06:44:50,251 [INFO] Rechargement des données du jeu depuis config.json
2025-06-01 06:44:50,268 [INFO] Données du jeu rechargées avec succès
2025-06-01 06:44:50,284 [INFO] Rechargement des données du jeu depuis config.json
2025-06-01 06:44:50,301 [INFO] Données du jeu rechargées avec succès
2025-06-01 06:44:55,171 [INFO] [ENERGIE] F4U (J2-A1) : changement d'énergie de 0
2025-06-01 06:44:55,903 [INFO] [ENERGIE] A6M5 (J1-A1) : changement d'énergie de 0
2025-06-01 06:44:56,804 [INFO] [PHASE] Fin de la phase d'énergie - Round 2
2025-06-01 06:44:56,838 [INFO] [ENERGIE] F4U (J2-A1) : énergie finale = 1
2025-06-01 06:44:56,853 [INFO] [ENERGIE] A6M5 (J1-A1) : énergie finale = 1
