2025-06-01 09:45:37,463 [INFO] === Démarrage de la partie 102 ===
2025-06-01 09:45:37,469 [INFO] Fichier de log: logs/game_102.log
2025-06-01 09:45:37,486 [INFO] Configuration JSON chargée et réinitialisée avec succès
2025-06-01 09:45:37,721 [INFO] Initialisation de l'application principale
2025-06-01 09:45:37,736 [DEBUG] Interface principale créée
2025-06-01 09:45:37,755 [DEBUG] Menu principal créé avec succès
2025-06-01 09:45:37,769 [INFO] Application démarrée avec succès
2025-06-01 09:45:40,141 [INFO] Configuration de la campagne test sauvegardée
2025-06-01 09:45:40,154 [INFO] Démarrage du round 1
2025-06-01 09:45:40,171 [INFO] Rechargement des données du jeu depuis config.json
2025-06-01 09:45:40,187 [INFO] Données du jeu rechargées avec succès
2025-06-01 09:45:40,203 [INFO] Rechargement des données du jeu depuis config.json
2025-06-01 09:45:40,219 [INFO] Données du jeu rechargées avec succès
2025-06-01 09:45:46,043 [INFO] Configuration de la campagne test sauvegardée
2025-06-01 09:45:46,070 [INFO] Démarrage du round 1
2025-06-01 09:45:46,087 [INFO] Rechargement des données du jeu depuis config.json
2025-06-01 09:45:46,103 [INFO] Données du jeu rechargées avec succès
2025-06-01 09:45:46,120 [INFO] Rechargement des données du jeu depuis config.json
2025-06-01 09:45:46,136 [INFO] Données du jeu rechargées avec succès
2025-06-01 09:45:49,658 [INFO] [ENERGIE] A6M5 (J1-A1) : changement d'énergie de 0
2025-06-01 09:45:51,190 [INFO] [ENERGIE] F4U (J2-A1) : changement d'énergie de 0
2025-06-01 09:45:52,123 [INFO] [PHASE] Fin de la phase d'énergie - Round 1
2025-06-01 09:45:52,156 [INFO] [ENERGIE] A6M5 (J1-A1) : énergie finale = 1
2025-06-01 09:45:52,171 [INFO] [ENERGIE] F4U (J2-A1) : énergie finale = 1
2025-06-01 09:45:52,188 [INFO] [ETAT] A6M5 (J1-A1) de l'équipe Japon est toujours actif
2025-06-01 09:45:52,203 [INFO] [ETAT] F4U (J2-A1) de l'équipe US est toujours actif
2025-06-01 09:46:05,376 [INFO] Configuration de la campagne test sauvegardée
2025-06-01 09:46:05,439 [INFO] Démarrage du round 1
2025-06-01 09:46:05,456 [INFO] Rechargement des données du jeu depuis config.json
2025-06-01 09:46:05,471 [INFO] Données du jeu rechargées avec succès
2025-06-01 09:46:05,487 [INFO] Rechargement des données du jeu depuis config.json
2025-06-01 09:46:05,503 [INFO] Données du jeu rechargées avec succès
2025-06-01 09:46:10,456 [INFO] [ENERGIE] F4U (J2-A1) : changement d'énergie de 0
2025-06-01 09:46:12,857 [INFO] [ENERGIE] A6M5 (J1-A1) : changement d'énergie de 0
2025-06-01 09:46:14,974 [INFO] [PHASE] Fin de la phase d'énergie - Round 1
2025-06-01 09:46:15,005 [INFO] [ENERGIE] F4U (J2-A1) : énergie finale = 1
2025-06-01 09:46:15,021 [INFO] [ENERGIE] A6M5 (J1-A1) : énergie finale = 1
2025-06-01 09:46:15,039 [INFO] [ETAT] A6M5 (J1-A1) de l'équipe Japon est toujours actif
2025-06-01 09:46:15,053 [INFO] [ETAT] F4U (J2-A1) de l'équipe US est toujours actif
2025-06-01 09:46:19,359 [INFO] Phase d'attaque terminée et sauvegardée
2025-06-01 09:46:19,411 [INFO] [ETAT] A6M5 (J1-A1) de l'équipe Japon est toujours actif
2025-06-01 09:46:19,420 [INFO] [ETAT] F4U (J2-A1) de l'équipe US est toujours actif
2025-06-01 09:46:19,437 [INFO] [ETAT] A6M5 (J1-A1) de l'équipe Japon est toujours actif
2025-06-01 09:46:19,453 [INFO] [ETAT] F4U (J2-A1) de l'équipe US est toujours actif
2025-06-01 09:46:19,470 [INFO] [MENACE RÉINITIALISÉE] A6M5 (J1-A1) :  -> supprimée
2025-06-01 09:46:19,488 [INFO] [MENACE RÉINITIALISÉE] F4U (J2-A1) :  -> supprimée
2025-06-01 09:46:22,390 [INFO] [ROUND] Fin du round 1
2025-06-01 09:46:22,421 [INFO] [ETAT] A6M5 (J1-A1) : PV=12, Energie=1, Critiques=aucun
2025-06-01 09:46:22,437 [INFO] [ETAT] F4U (J2-A1) : PV=27, Energie=1, Critiques=aucun
2025-06-01 09:46:22,454 [INFO] [SAUVEGARDE] Round 1 terminé et sauvegardé
2025-06-01 09:46:22,470 [INFO] [ROUND] Début du round 2
2025-06-01 09:46:22,499 [INFO] Démarrage du round 2
2025-06-01 09:46:22,503 [INFO] Rechargement des données du jeu depuis config.json
2025-06-01 09:46:22,520 [INFO] Données du jeu rechargées avec succès
2025-06-01 09:46:22,536 [INFO] Rechargement des données du jeu depuis config.json
2025-06-01 09:46:22,553 [INFO] Données du jeu rechargées avec succès
2025-06-01 09:46:26,791 [INFO] [ENERGIE] A6M5 (J1-A1) : changement d'énergie de 0
2025-06-01 09:46:28,307 [INFO] [ENERGIE] F4U (J2-A1) : changement d'énergie de 0
2025-06-01 09:46:29,657 [INFO] [PHASE] Fin de la phase d'énergie - Round 2
2025-06-01 09:46:29,688 [INFO] [ENERGIE] A6M5 (J1-A1) : énergie finale = 1
2025-06-01 09:46:29,704 [INFO] [ENERGIE] F4U (J2-A1) : énergie finale = 1
2025-06-01 09:46:29,721 [INFO] [ETAT] A6M5 (J1-A1) de l'équipe Japon est toujours actif
2025-06-01 09:46:29,737 [INFO] [ETAT] F4U (J2-A1) de l'équipe US est toujours actif
2025-06-01 09:46:33,741 [INFO] [CRITIQUE] A6M5 (J1-A1) : critique(s) sélectionné(s) Pilote Tué (dé: 2, arme: mitraillette)
