2025-06-01 08:09:55,625 [INFO] === Démarrage de la partie 89 ===
2025-06-01 08:09:55,639 [INFO] Fichier de log: logs/game_89.log
2025-06-01 08:09:55,656 [INFO] Configuration JSON chargée et réinitialisée avec succès
2025-06-01 08:09:55,926 [INFO] Initialisation de l'application principale
2025-06-01 08:09:55,939 [DEBUG] Interface principale créée
2025-06-01 08:09:55,957 [DEBUG] Menu principal créé avec succès
2025-06-01 08:09:55,972 [INFO] Application démarrée avec succès
2025-06-01 08:09:57,394 [INFO] Configuration de la campagne test sauvegardée
2025-06-01 08:09:57,423 [INFO] Démarrage du round 1
2025-06-01 08:09:57,440 [INFO] Rechargement des données du jeu depuis config.json
2025-06-01 08:09:57,455 [INFO] Données du jeu rechargées avec succès
2025-06-01 08:09:57,472 [INFO] Rechargement des données du jeu depuis config.json
2025-06-01 08:09:57,489 [INFO] Données du jeu rechargées avec succès
2025-06-01 08:10:00,726 [INFO] [ENERGIE] F4U (J2-A1) : changement d'énergie de +1
2025-06-01 08:10:02,142 [INFO] [ENERGIE] A6M5 (J1-A1) : changement d'énergie de +1
2025-06-01 08:10:03,159 [INFO] [PHASE] Fin de la phase d'énergie - Round 1
2025-06-01 08:10:03,191 [INFO] [ENERGIE] F4U (J2-A1) : énergie finale = 2
2025-06-01 08:10:03,206 [INFO] [ENERGIE] A6M5 (J1-A1) : énergie finale = 2
2025-06-01 08:10:16,110 [INFO] [DEGATS] F4U (J2-A1) : subit 14 dégâts (PV: 27 -> 13)
2025-06-01 08:10:16,142 [INFO] Phase d'attaque terminée et sauvegardée
2025-06-01 08:10:16,160 [INFO] [ETAT] A6M5 (J1-A1) de l'équipe Japon est toujours actif
2025-06-01 08:10:16,173 [INFO] [ETAT] F4U (J2-A1) de l'équipe US est toujours actif
2025-06-01 08:10:16,189 [INFO] [ETAT] A6M5 (J1-A1) de l'équipe Japon est toujours actif
2025-06-01 08:10:16,205 [INFO] [ETAT] F4U (J2-A1) de l'équipe US est toujours actif
2025-06-01 08:10:16,222 [INFO] [MENACE RÉINITIALISÉE] A6M5 (J1-A1) :  -> aucune
2025-06-01 08:10:16,239 [INFO] [MENACE RÉINITIALISÉE] F4U (J2-A1) :  -> aucune
2025-06-01 08:11:41,427 [INFO] [MENACE] A6M5 (J1-A1) : menacé de dos
2025-06-01 08:11:42,509 [INFO] [MENACE] A6M5 (J1-A1) : aucune menace
2025-06-01 08:11:53,492 [INFO] [ROUND] Fin du round 1
2025-06-01 08:11:53,524 [INFO] [ETAT] A6M5 (J1-A1) : PV=12, Energie=2, Critiques=aucun
2025-06-01 08:11:53,540 [INFO] [ETAT] F4U (J2-A1) : PV=13, Energie=2, Critiques=aucun
2025-06-01 08:11:53,557 [INFO] [SAUVEGARDE] Round 1 terminé et sauvegardé
2025-06-01 08:11:53,572 [INFO] [ROUND] Début du round 2
2025-06-01 08:11:53,591 [INFO] Démarrage du round 2
2025-06-01 08:11:53,605 [INFO] Rechargement des données du jeu depuis config.json
2025-06-01 08:11:53,622 [INFO] Données du jeu rechargées avec succès
2025-06-01 08:11:53,638 [INFO] Rechargement des données du jeu depuis config.json
2025-06-01 08:11:53,655 [INFO] Données du jeu rechargées avec succès
2025-06-01 08:11:53,672 [INFO] [INITIATIVE] F4U (J2-A1) : Dé explosif! 1 explosion(s), résultat final: 16
