2025-06-01 07:32:45,489 [INFO] === Démarrage de la partie 82 ===
2025-06-01 07:32:45,510 [INFO] Fichier de log: logs/game_82.log
2025-06-01 07:32:45,528 [INFO] Configuration JSON chargée et réinitialisée avec succès
2025-06-01 07:32:45,826 [INFO] Initialisation de l'application principale
2025-06-01 07:32:45,861 [DEBUG] Interface principale créée
2025-06-01 07:32:45,879 [DEBUG] Menu principal créé avec succès
2025-06-01 07:32:45,893 [INFO] Application démarrée avec succès
2025-06-01 07:32:47,929 [INFO] Ouverture de la fenêtre de choix des joueurs
2025-06-01 07:32:53,801 [INFO] Démarrage du round 1
2025-06-01 07:32:53,830 [INFO] Rechargement des données du jeu depuis config.json
2025-06-01 07:32:53,846 [INFO] Données du jeu rechargées avec succès
2025-06-01 07:32:53,861 [INFO] Rechargement des données du jeu depuis config.json
2025-06-01 07:32:53,877 [INFO] Données du jeu rechargées avec succès
2025-06-01 07:32:53,893 [INFO] [INITIATIVE] A6M5 (J1-A1) : Dé explosif! 1 explosion(s), résultat final: 17
2025-06-01 07:33:03,195 [INFO] [ENERGIE] F4U (J2-A1) : changement d'énergie de +1
2025-06-01 07:33:04,980 [INFO] [ENERGIE] A6M5 (J1-A1) : changement d'énergie de +1
2025-06-01 07:33:10,763 [INFO] [ENERGIE] F4U (J2-A1) : changement d'énergie de +1
2025-06-01 07:33:19,280 [INFO] [PHASE] Fin de la phase d'énergie - Round 1
2025-06-01 07:33:19,313 [INFO] [ENERGIE] F4U (J2-A1) : énergie finale = 2
2025-06-01 07:33:19,329 [INFO] [ENERGIE] A6M5 (J1-A1) : énergie finale = 2
2025-06-01 07:33:26,614 [INFO] [DEGATS] F4U (J2-A1) : subit 3 dégâts (PV: 27 -> 24)
2025-06-01 07:33:44,595 [INFO] [DEGATS] F4U (J2-A1) : subit 20 dégâts (PV: 24 -> 4)
2025-06-01 07:33:50,363 [INFO] [DEGATS] F4U (J2-A1) : subit 4 dégâts (PV: 4 -> 0)
2025-06-01 07:33:50,415 [INFO] [DESTRUCTION] F4U (J2-A1) est détruit!
2025-06-01 07:33:54,181 [INFO] Phase d'attaque terminée et sauvegardée
2025-06-01 07:33:54,234 [INFO] [ETAT] A6M5 (J1-A1) de l'équipe Japon est toujours actif
2025-06-01 07:33:54,245 [INFO] [VICTOIRE] L'équipe Japon remporte la partie avec 1 avion(s) restant(s)!
