2025-06-01 07:47:41,451 [INFO] === Démarrage de la partie 84 ===
2025-06-01 07:47:41,474 [INFO] Fichier de log: logs/game_84.log
2025-06-01 07:47:41,492 [INFO] Configuration JSON chargée et réinitialisée avec succès
2025-06-01 07:47:41,756 [INFO] Initialisation de l'application principale
2025-06-01 07:47:41,775 [DEBUG] Interface principale créée
2025-06-01 07:47:41,793 [DEBUG] Menu principal créé avec succès
2025-06-01 07:47:41,808 [INFO] Application démarrée avec succès
2025-06-01 07:47:44,412 [INFO] Ouverture de la fenêtre de choix des joueurs
2025-06-01 07:47:55,898 [INFO] Démarrage du round 1
2025-06-01 07:47:55,928 [INFO] Rechargement des données du jeu depuis config.json
2025-06-01 07:47:55,944 [INFO] Données du jeu rechargées avec succès
2025-06-01 07:47:55,959 [INFO] Rechargement des données du jeu depuis config.json
2025-06-01 07:47:55,975 [INFO] Données du jeu rechargées avec succès
2025-06-01 07:48:00,860 [INFO] [ENERGIE] F4U (J2-A1) : changement d'énergie de 0
2025-06-01 07:48:02,728 [INFO] [ENERGIE] A6M5 (J1-A1) : changement d'énergie de 0
2025-06-01 07:48:05,444 [INFO] [PHASE] Fin de la phase d'énergie - Round 1
2025-06-01 07:48:05,478 [INFO] [ENERGIE] F4U (J2-A1) : énergie finale = 1
2025-06-01 07:48:05,493 [INFO] [ENERGIE] A6M5 (J1-A1) : énergie finale = 1
2025-06-01 07:48:07,395 [INFO] [ATTAQUE] A6M5 (J1-A1) : pas d'attaque ce tour
2025-06-01 07:48:14,814 [INFO] Phase d'attaque terminée et sauvegardée
2025-06-01 07:48:14,850 [INFO] [ETAT] A6M5 (J1-A1) de l'équipe Japon est toujours actif
2025-06-01 07:48:14,861 [INFO] [ETAT] F4U (J2-A1) de l'équipe US est toujours actif
2025-06-01 07:48:14,876 [INFO] [ETAT] A6M5 (J1-A1) de l'équipe Japon est toujours actif
2025-06-01 07:48:14,892 [INFO] [ETAT] F4U (J2-A1) de l'équipe US est toujours actif
