2025-05-31 10:42:22,921 [INFO] === Démarrage de la partie 63 ===
2025-05-31 10:42:22,936 [INFO] Fichier de log: logs/game_63.log
2025-05-31 10:42:22,954 [INFO] Configuration JSON chargée et réinitialisée avec succès
2025-05-31 10:42:23,230 [INFO] Initialisation de l'application principale
2025-05-31 10:42:23,286 [DEBUG] Interface principale créée
2025-05-31 10:42:23,304 [DEBUG] Menu principal créé avec succès
2025-05-31 10:42:23,318 [INFO] Application démarrée avec succès
2025-05-31 10:42:26,471 [INFO] Ouverture de la fenêtre de choix des joueurs
2025-05-31 10:42:32,752 [INFO] Démarrage du round 1
2025-05-31 10:42:32,804 [INFO] Rechargement des données du jeu depuis config.json
2025-05-31 10:42:32,820 [INFO] Données du jeu rechargées avec succès
2025-05-31 10:42:32,835 [INFO] Rechargement des données du jeu depuis config.json
2025-05-31 10:42:32,852 [INFO] Données du jeu rechargées avec succès
2025-05-31 10:42:43,388 [INFO] [ENERGIE] F4U (J2-A1) : changement d'énergie de +1
2025-05-31 10:42:45,254 [INFO] [ENERGIE] A6M5 (J1-A1) : changement d'énergie de +1
2025-05-31 10:42:46,371 [INFO] [PHASE] Fin de la phase d'énergie - Round 1
2025-05-31 10:42:46,404 [INFO] [ENERGIE] F4U (J2-A1) : énergie finale = 2
2025-05-31 10:42:46,420 [INFO] [ENERGIE] A6M5 (J1-A1) : énergie finale = 2
2025-05-31 10:42:52,558 [INFO] Phase d'attaque terminée et sauvegardée
2025-05-31 10:42:52,626 [INFO] [ETAT] A6M5 (J1-A1) de l'équipe Japon est toujours actif
2025-05-31 10:42:52,652 [INFO] [ETAT] F4U (J2-A1) de l'équipe US est toujours actif
2025-05-31 10:42:52,668 [INFO] [ETAT] A6M5 (J1-A1) de l'équipe Japon est toujours actif
2025-05-31 10:42:52,685 [INFO] [ETAT] F4U (J2-A1) de l'équipe US est toujours actif
2025-05-31 10:42:56,094 [INFO] [ROUND] Fin du round 1
2025-05-31 10:42:56,121 [INFO] [ETAT] A6M5 (J1-A1) : PV=12, Energie=2, Critiques=aucun
2025-05-31 10:42:56,137 [INFO] [ETAT] F4U (J2-A1) : PV=27, Energie=2, Critiques=aucun
2025-05-31 10:42:56,153 [INFO] [SAUVEGARDE] Round 1 terminé et sauvegardé
2025-05-31 10:42:56,169 [INFO] [ROUND] Début du round 2
2025-05-31 10:42:56,198 [INFO] Démarrage du round 2
2025-05-31 10:42:56,218 [INFO] Rechargement des données du jeu depuis config.json
2025-05-31 10:42:56,235 [INFO] Données du jeu rechargées avec succès
2025-05-31 10:42:56,251 [INFO] Rechargement des données du jeu depuis config.json
2025-05-31 10:42:56,268 [INFO] Données du jeu rechargées avec succès
2025-05-31 10:43:46,521 [INFO] [ENERGIE] A6M5 (J1-A1) : changement d'énergie de +1
2025-05-31 10:43:53,871 [INFO] [ENERGIE] A6M5 (J1-A1) : changement d'énergie de +1
2025-05-31 10:43:56,171 [INFO] [ENERGIE] F4U (J2-A1) : changement d'énergie de +1
2025-05-31 10:43:57,869 [INFO] [PHASE] Fin de la phase d'énergie - Round 2
2025-05-31 10:43:57,903 [INFO] [ENERGIE] A6M5 (J1-A1) : énergie finale = 3
2025-05-31 10:43:57,920 [INFO] [ENERGIE] F4U (J2-A1) : énergie finale = 3
2025-05-31 10:44:04,887 [INFO] [CRITIQUE] A6M5 (J1-A1) : subit critique(s) Arme Enrayée, Blackout (dé: 4, arme: mitraillette)
2025-05-31 10:44:17,229 [INFO] Phase d'attaque terminée et sauvegardée
2025-05-31 10:44:17,277 [INFO] [ETAT] A6M5 (J1-A1) de l'équipe Japon est toujours actif
2025-05-31 10:44:17,301 [INFO] [ETAT] F4U (J2-A1) de l'équipe US est toujours actif
2025-05-31 10:44:17,317 [INFO] [ETAT] A6M5 (J1-A1) de l'équipe Japon est toujours actif
2025-05-31 10:44:17,334 [INFO] [ETAT] F4U (J2-A1) de l'équipe US est toujours actif
2025-05-31 10:44:19,629 [INFO] [ROUND] Fin du round 2
2025-05-31 10:44:19,654 [INFO] [ETAT] A6M5 (J1-A1) : PV=12, Energie=3, Critiques=Arme Enrayée, Blackout
2025-05-31 10:44:19,669 [INFO] [ETAT] F4U (J2-A1) : PV=27, Energie=3, Critiques=aucun
2025-05-31 10:44:19,685 [INFO] [SAUVEGARDE] Round 2 terminé et sauvegardé
2025-05-31 10:44:19,701 [INFO] [ROUND] Début du round 3
2025-05-31 10:44:19,730 [INFO] Démarrage du round 3
2025-05-31 10:44:19,750 [INFO] Rechargement des données du jeu depuis config.json
2025-05-31 10:44:19,767 [INFO] Données du jeu rechargées avec succès
2025-05-31 10:44:19,783 [INFO] Rechargement des données du jeu depuis config.json
2025-05-31 10:44:19,800 [INFO] Données du jeu rechargées avec succès
2025-05-31 10:44:25,904 [INFO] [ENERGIE] A6M5 (J1-A1) : changement d'énergie de +1
2025-05-31 10:44:29,204 [INFO] [ENERGIE] F4U (J2-A1) : changement d'énergie de +1
2025-05-31 10:44:30,320 [INFO] [PHASE] Fin de la phase d'énergie - Round 3
2025-05-31 10:44:30,387 [INFO] [ENERGIE] A6M5 (J1-A1) : énergie finale = 4
2025-05-31 10:44:30,403 [INFO] [ENERGIE] F4U (J2-A1) : énergie finale = 4
2025-05-31 10:44:32,186 [INFO] [DESTRUCTION MANUELLE] F4U (J2-A1) a été détruit manuellement (PV: 27 -> 0)
2025-05-31 10:44:36,222 [INFO] Phase d'attaque terminée et sauvegardée
2025-05-31 10:44:36,274 [INFO] [ETAT] A6M5 (J1-A1) de l'équipe Japon est toujours actif
2025-05-31 10:44:36,284 [INFO] [VICTOIRE] L'équipe Japon remporte la partie avec 1 avion(s) restant(s)!
