2025-06-01 08:18:09,963 [INFO] === Démarrage de la partie 90 ===
2025-06-01 08:18:09,971 [INFO] Fichier de log: logs/game_90.log
2025-06-01 08:18:09,989 [INFO] Configuration JSON chargée et réinitialisée avec succès
2025-06-01 08:18:10,434 [INFO] Initialisation de l'application principale
2025-06-01 08:18:10,456 [DEBUG] Interface principale créée
2025-06-01 08:18:10,475 [DEBUG] Menu principal créé avec succès
2025-06-01 08:18:10,488 [INFO] Application démarrée avec succès
2025-06-01 08:18:12,443 [INFO] Configuration de la campagne test sauvegardée
2025-06-01 08:18:12,455 [INFO] Démarrage du round 1
2025-06-01 08:18:12,472 [INFO] Rechargement des données du jeu depuis config.json
2025-06-01 08:18:12,488 [INFO] Données du jeu rechargées avec succès
2025-06-01 08:18:12,505 [INFO] Rechargement des données du jeu depuis config.json
2025-06-01 08:18:12,521 [INFO] Données du jeu rechargées avec succès
2025-06-01 08:18:12,539 [INFO] [INITIATIVE] A6M5 (J1-A1) : Dé explosif! 1 explosion(s), résultat final: 13
2025-06-01 08:18:15,358 [INFO] [ENERGIE] F4U (J2-A1) : changement d'énergie de 0
2025-06-01 08:18:16,575 [INFO] [ENERGIE] A6M5 (J1-A1) : changement d'énergie de 0
2025-06-01 08:18:17,925 [INFO] [PHASE] Fin de la phase d'énergie - Round 1
2025-06-01 08:18:17,975 [INFO] [ENERGIE] F4U (J2-A1) : énergie finale = 1
2025-06-01 08:18:17,991 [INFO] [ENERGIE] A6M5 (J1-A1) : énergie finale = 1
2025-06-01 08:18:22,877 [INFO] Phase d'attaque terminée et sauvegardée
2025-06-01 08:18:22,945 [INFO] [ETAT] A6M5 (J1-A1) de l'équipe Japon est toujours actif
2025-06-01 08:18:22,956 [INFO] [ETAT] F4U (J2-A1) de l'équipe US est toujours actif
2025-06-01 08:18:22,973 [INFO] [ETAT] A6M5 (J1-A1) de l'équipe Japon est toujours actif
2025-06-01 08:18:22,989 [INFO] [ETAT] F4U (J2-A1) de l'équipe US est toujours actif
2025-06-01 08:18:23,005 [INFO] [MENACE RÉINITIALISÉE] A6M5 (J1-A1) :  -> supprimée
2025-06-01 08:18:23,021 [INFO] [MENACE RÉINITIALISÉE] F4U (J2-A1) :  -> supprimée
