2025-06-01 09:36:55,003 [INFO] === Démarrage de la partie 101 ===
2025-06-01 09:36:55,051 [INFO] Fichier de log: logs/game_101.log
2025-06-01 09:36:55,068 [INFO] Configuration JSON chargée et réinitialisée avec succès
2025-06-01 09:36:55,346 [INFO] Initialisation de l'application principale
2025-06-01 09:36:55,402 [DEBUG] Interface principale créée
2025-06-01 09:36:55,421 [DEBUG] Menu principal créé avec succès
2025-06-01 09:36:55,434 [INFO] Application démarrée avec succès
2025-06-01 09:38:50,676 [INFO] Configuration de la campagne test sauvegardée
2025-06-01 09:38:50,722 [INFO] Démarrage du round 1
2025-06-01 09:38:50,737 [INFO] Rechargement des données du jeu depuis config.json
2025-06-01 09:38:50,753 [INFO] Données du jeu rechargées avec succès
2025-06-01 09:38:50,769 [INFO] Rechargement des données du jeu depuis config.json
2025-06-01 09:38:50,786 [INFO] Données du jeu rechargées avec succès
2025-06-01 09:39:07,856 [INFO] Ouverture de la fenêtre de choix des joueurs
2025-06-01 09:39:32,599 [INFO] Démarrage du round 1
2025-06-01 09:39:32,672 [INFO] Rechargement des données du jeu depuis config.json
2025-06-01 09:39:32,688 [INFO] Données du jeu rechargées avec succès
2025-06-01 09:39:32,703 [INFO] Rechargement des données du jeu depuis config.json
2025-06-01 09:39:32,719 [INFO] Données du jeu rechargées avec succès
2025-06-01 09:39:46,139 [INFO] [ENERGIE] A6M5 (J1-A3) : changement d'énergie de +1
2025-06-01 09:39:50,172 [INFO] [ENERGIE] P38 Lightning (J2-A5) : changement d'énergie de 0
2025-06-01 09:39:50,634 [INFO] [ENERGIE] P38 Lightning (J2-A4) : changement d'énergie de 0
2025-06-01 09:39:50,906 [INFO] [ENERGIE] P38 Lightning (J2-A4) : changement d'énergie de 0
2025-06-01 09:39:51,188 [INFO] [ENERGIE] A6M5 (J1-A5) : changement d'énergie de 0
2025-06-01 09:39:51,524 [INFO] [ENERGIE] P38 Lightning (J2-A2) : changement d'énergie de 0
2025-06-01 09:39:51,789 [INFO] [ENERGIE] P38 Lightning (J2-A2) : changement d'énergie de 0
2025-06-01 09:39:52,089 [INFO] [ENERGIE] P38 Lightning (J2-A1) : changement d'énergie de 0
2025-06-01 09:39:52,413 [INFO] [ENERGIE] A6M5 (J1-A6) : changement d'énergie de 0
2025-06-01 09:39:52,740 [INFO] [ENERGIE] A6M5 (J1-A4) : changement d'énergie de 0
2025-06-01 09:39:53,040 [INFO] [ENERGIE] A6M5 (J1-A4) : changement d'énergie de 0
2025-06-01 09:39:55,540 [INFO] [ENERGIE] A6M5 (J1-A1) : changement d'énergie de 0
2025-06-01 09:39:56,490 [INFO] [ENERGIE] A6M5 (J1-A2) : changement d'énergie de 0
2025-06-01 09:39:57,373 [INFO] [ENERGIE] P38 Lightning (J2-A3) : changement d'énergie de 0
2025-06-01 09:39:59,423 [INFO] [PHASE] Fin de la phase d'énergie - Round 1
2025-06-01 09:39:59,473 [INFO] [ENERGIE] A6M5 (J1-A3) : énergie finale = 2
2025-06-01 09:39:59,489 [INFO] [ENERGIE] P38 Lightning (J2-A5) : énergie finale = 1
2025-06-01 09:39:59,504 [INFO] [ENERGIE] P38 Lightning (J2-A3) : énergie finale = 1
2025-06-01 09:39:59,520 [INFO] [ENERGIE] P38 Lightning (J2-A4) : énergie finale = 1
2025-06-01 09:39:59,536 [INFO] [ENERGIE] A6M5 (J1-A5) : énergie finale = 1
2025-06-01 09:39:59,552 [INFO] [ENERGIE] A6M5 (J1-A2) : énergie finale = 1
2025-06-01 09:39:59,569 [INFO] [ENERGIE] P38 Lightning (J2-A2) : énergie finale = 1
2025-06-01 09:39:59,586 [INFO] [ENERGIE] P38 Lightning (J2-A1) : énergie finale = 1
2025-06-01 09:39:59,602 [INFO] [ENERGIE] A6M5 (J1-A1) : énergie finale = 1
2025-06-01 09:39:59,619 [INFO] [ENERGIE] A6M5 (J1-A6) : énergie finale = 1
2025-06-01 09:39:59,636 [INFO] [ENERGIE] A6M5 (J1-A4) : énergie finale = 1
2025-06-01 09:39:59,654 [INFO] [ETAT] A6M5 (J1-A1) de l'équipe Japon est toujours actif
2025-06-01 09:39:59,669 [INFO] [ETAT] A6M5 (J1-A2) de l'équipe Japon est toujours actif
2025-06-01 09:39:59,686 [INFO] [ETAT] A6M5 (J1-A3) de l'équipe Japon est toujours actif
2025-06-01 09:39:59,703 [INFO] [ETAT] A6M5 (J1-A4) de l'équipe Japon est toujours actif
2025-06-01 09:39:59,719 [INFO] [ETAT] A6M5 (J1-A5) de l'équipe Japon est toujours actif
2025-06-01 09:39:59,736 [INFO] [ETAT] A6M5 (J1-A6) de l'équipe Japon est toujours actif
2025-06-01 09:39:59,753 [INFO] [ETAT] P38 Lightning (J2-A1) de l'équipe US est toujours actif
2025-06-01 09:39:59,769 [INFO] [ETAT] P38 Lightning (J2-A2) de l'équipe US est toujours actif
2025-06-01 09:39:59,786 [INFO] [ETAT] P38 Lightning (J2-A3) de l'équipe US est toujours actif
2025-06-01 09:39:59,802 [INFO] [ETAT] P38 Lightning (J2-A4) de l'équipe US est toujours actif
2025-06-01 09:39:59,819 [INFO] [ETAT] P38 Lightning (J2-A5) de l'équipe US est toujours actif
2025-06-01 09:40:28,110 [INFO] Phase d'attaque terminée et sauvegardée
2025-06-01 09:40:28,178 [INFO] [ETAT] A6M5 (J1-A1) de l'équipe Japon est toujours actif
2025-06-01 09:40:28,189 [INFO] [ETAT] A6M5 (J1-A2) de l'équipe Japon est toujours actif
2025-06-01 09:40:28,204 [INFO] [ETAT] A6M5 (J1-A3) de l'équipe Japon est toujours actif
2025-06-01 09:40:28,220 [INFO] [ETAT] A6M5 (J1-A4) de l'équipe Japon est toujours actif
2025-06-01 09:40:28,236 [INFO] [ETAT] A6M5 (J1-A5) de l'équipe Japon est toujours actif
2025-06-01 09:40:28,253 [INFO] [ETAT] A6M5 (J1-A6) de l'équipe Japon est toujours actif
2025-06-01 09:40:28,269 [INFO] [ETAT] P38 Lightning (J2-A1) de l'équipe US est toujours actif
2025-06-01 09:40:28,286 [INFO] [ETAT] P38 Lightning (J2-A2) de l'équipe US est toujours actif
2025-06-01 09:40:28,302 [INFO] [ETAT] P38 Lightning (J2-A3) de l'équipe US est toujours actif
2025-06-01 09:40:28,319 [INFO] [ETAT] P38 Lightning (J2-A4) de l'équipe US est toujours actif
2025-06-01 09:40:28,336 [INFO] [ETAT] P38 Lightning (J2-A5) de l'équipe US est toujours actif
2025-06-01 09:40:28,352 [INFO] [ETAT] A6M5 (J1-A1) de l'équipe Japon est toujours actif
2025-06-01 09:40:28,369 [INFO] [ETAT] A6M5 (J1-A2) de l'équipe Japon est toujours actif
2025-06-01 09:40:28,386 [INFO] [ETAT] A6M5 (J1-A3) de l'équipe Japon est toujours actif
2025-06-01 09:40:28,402 [INFO] [ETAT] A6M5 (J1-A4) de l'équipe Japon est toujours actif
2025-06-01 09:40:28,419 [INFO] [ETAT] A6M5 (J1-A5) de l'équipe Japon est toujours actif
2025-06-01 09:40:28,436 [INFO] [ETAT] A6M5 (J1-A6) de l'équipe Japon est toujours actif
2025-06-01 09:40:28,452 [INFO] [ETAT] P38 Lightning (J2-A1) de l'équipe US est toujours actif
2025-06-01 09:40:28,469 [INFO] [ETAT] P38 Lightning (J2-A2) de l'équipe US est toujours actif
2025-06-01 09:40:28,486 [INFO] [ETAT] P38 Lightning (J2-A3) de l'équipe US est toujours actif
2025-06-01 09:40:28,502 [INFO] [ETAT] P38 Lightning (J2-A4) de l'équipe US est toujours actif
2025-06-01 09:40:28,519 [INFO] [ETAT] P38 Lightning (J2-A5) de l'équipe US est toujours actif
2025-06-01 09:40:31,340 [INFO] [MENACE] A6M5 (J1-A3) : menacé de flanc
2025-06-01 09:40:33,039 [INFO] [MENACE] P38 Lightning (J2-A5) : menacé de flanc
2025-06-01 09:40:34,356 [INFO] [MENACE] P38 Lightning (J2-A3) : menacé de flanc
2025-06-01 09:40:36,156 [INFO] [ROUND] Fin du round 1
2025-06-01 09:40:36,190 [INFO] [ETAT] A6M5 (J1-A1) : PV=12, Energie=1, Critiques=aucun
2025-06-01 09:40:36,205 [INFO] [ETAT] A6M5 (J1-A2) : PV=12, Energie=1, Critiques=aucun
2025-06-01 09:40:36,221 [INFO] [ETAT] A6M5 (J1-A3) : PV=12, Energie=2, Critiques=aucun
2025-06-01 09:40:36,236 [INFO] [ETAT] A6M5 (J1-A4) : PV=12, Energie=1, Critiques=aucun
2025-06-01 09:40:36,253 [INFO] [ETAT] A6M5 (J1-A5) : PV=12, Energie=1, Critiques=aucun
2025-06-01 09:40:36,269 [INFO] [ETAT] A6M5 (J1-A6) : PV=12, Energie=1, Critiques=aucun
2025-06-01 09:40:36,286 [INFO] [ETAT] P38 Lightning (J2-A1) : PV=38, Energie=1, Critiques=aucun
2025-06-01 09:40:36,302 [INFO] [ETAT] P38 Lightning (J2-A2) : PV=38, Energie=1, Critiques=aucun
2025-06-01 09:40:36,319 [INFO] [ETAT] P38 Lightning (J2-A3) : PV=38, Energie=1, Critiques=aucun
2025-06-01 09:40:36,336 [INFO] [ETAT] P38 Lightning (J2-A4) : PV=38, Energie=1, Critiques=aucun
2025-06-01 09:40:36,352 [INFO] [ETAT] P38 Lightning (J2-A5) : PV=38, Energie=1, Critiques=aucun
2025-06-01 09:40:36,370 [INFO] [SAUVEGARDE] Round 1 terminé et sauvegardé
2025-06-01 09:40:36,386 [INFO] [ROUND] Début du round 2
2025-06-01 09:40:36,417 [INFO] Démarrage du round 2
2025-06-01 09:40:36,436 [INFO] Rechargement des données du jeu depuis config.json
2025-06-01 09:40:36,453 [INFO] Données du jeu rechargées avec succès
2025-06-01 09:40:36,469 [INFO] Rechargement des données du jeu depuis config.json
2025-06-01 09:40:36,486 [INFO] Données du jeu rechargées avec succès
2025-06-01 09:40:36,503 [INFO] [INITIATIVE] P38 Lightning (J2-A1) : Dé explosif! 1 explosion(s), résultat final: 13
