2025-06-01 08:18:42,578 [INFO] === Démarrage de la partie 91 ===
2025-06-01 08:18:42,588 [INFO] Fichier de log: logs/game_91.log
2025-06-01 08:18:42,606 [INFO] Configuration JSON chargée et réinitialisée avec succès
2025-06-01 08:18:42,885 [INFO] Initialisation de l'application principale
2025-06-01 08:18:42,939 [DEBUG] Interface principale créée
2025-06-01 08:18:42,956 [DEBUG] Menu principal créé avec succès
2025-06-01 08:18:42,971 [INFO] Application démarrée avec succès
2025-06-01 08:18:44,208 [INFO] Configuration de la campagne test sauvegardée
2025-06-01 08:18:44,222 [INFO] Démarrage du round 1
2025-06-01 08:18:44,239 [INFO] Rechargement des données du jeu depuis config.json
2025-06-01 08:18:44,255 [INFO] Données du jeu rechargées avec succès
2025-06-01 08:18:44,271 [INFO] Rechargement des données du jeu depuis config.json
2025-06-01 08:18:44,288 [INFO] Données du jeu rechargées avec succès
2025-06-01 08:18:44,305 [INFO] [INITIATIVE] F4U (J2-A1) : Dé explosif! 1 explosion(s), résultat final: 19
2025-06-01 08:18:46,426 [INFO] [ENERGIE] A6M5 (J1-A1) : changement d'énergie de 0
2025-06-01 08:18:47,609 [INFO] [ENERGIE] F4U (J2-A1) : changement d'énergie de 0
2025-06-01 08:18:48,376 [INFO] [PHASE] Fin de la phase d'énergie - Round 1
2025-06-01 08:18:48,407 [INFO] [ENERGIE] A6M5 (J1-A1) : énergie finale = 1
2025-06-01 08:18:48,423 [INFO] [ENERGIE] F4U (J2-A1) : énergie finale = 1
2025-06-01 08:18:49,877 [INFO] Phase d'attaque terminée et sauvegardée
2025-06-01 08:18:49,910 [INFO] [ETAT] A6M5 (J1-A1) de l'équipe Japon est toujours actif
2025-06-01 08:18:49,923 [INFO] [ETAT] F4U (J2-A1) de l'équipe US est toujours actif
2025-06-01 08:18:49,939 [INFO] [ETAT] A6M5 (J1-A1) de l'équipe Japon est toujours actif
2025-06-01 08:18:49,955 [INFO] [ETAT] F4U (J2-A1) de l'équipe US est toujours actif
2025-06-01 08:18:49,972 [INFO] [MENACE RÉINITIALISÉE] A6M5 (J1-A1) :  -> supprimée
2025-06-01 08:18:49,989 [INFO] [MENACE RÉINITIALISÉE] F4U (J2-A1) :  -> supprimée
2025-06-01 08:18:53,809 [INFO] [MENACE] A6M5 (J1-A1) : aucune menace
2025-06-01 08:18:55,609 [INFO] [MENACE] F4U (J2-A1) : menacé de dos
2025-06-01 08:18:58,858 [INFO] [ROUND] Fin du round 1
2025-06-01 08:18:58,874 [INFO] [ETAT] A6M5 (J1-A1) : PV=12, Energie=1, Critiques=aucun
2025-06-01 08:18:58,890 [INFO] [ETAT] F4U (J2-A1) : PV=27, Energie=1, Critiques=aucun
2025-06-01 08:18:58,906 [INFO] [SAUVEGARDE] Round 1 terminé et sauvegardé
2025-06-01 08:18:58,927 [INFO] [ROUND] Début du round 2
2025-06-01 08:18:58,941 [INFO] Démarrage du round 2
2025-06-01 08:18:58,955 [INFO] Rechargement des données du jeu depuis config.json
2025-06-01 08:18:58,971 [INFO] Données du jeu rechargées avec succès
2025-06-01 08:18:58,988 [INFO] Rechargement des données du jeu depuis config.json
2025-06-01 08:18:59,005 [INFO] Données du jeu rechargées avec succès
2025-06-01 08:19:00,874 [INFO] [ENERGIE] F4U (J2-A1) : changement d'énergie de 0
2025-06-01 08:19:01,742 [INFO] [ENERGIE] A6M5 (J1-A1) : changement d'énergie de 0
2025-06-01 08:19:02,659 [INFO] [PHASE] Fin de la phase d'énergie - Round 2
2025-06-01 08:19:02,724 [INFO] [ENERGIE] F4U (J2-A1) : énergie finale = 1
2025-06-01 08:19:02,739 [INFO] [ENERGIE] A6M5 (J1-A1) : énergie finale = 1
2025-06-01 08:19:04,976 [INFO] Phase d'attaque terminée et sauvegardée
2025-06-01 08:19:05,027 [INFO] [ETAT] A6M5 (J1-A1) de l'équipe Japon est toujours actif
2025-06-01 08:19:05,040 [INFO] [ETAT] F4U (J2-A1) de l'équipe US est toujours actif
2025-06-01 08:19:05,055 [INFO] [ETAT] A6M5 (J1-A1) de l'équipe Japon est toujours actif
2025-06-01 08:19:05,072 [INFO] [ETAT] F4U (J2-A1) de l'équipe US est toujours actif
2025-06-01 08:19:05,088 [INFO] [MENACE RÉINITIALISÉE] F4U (J2-A1) : dos -> supprimée
2025-06-01 08:19:10,642 [INFO] [MENACE] F4U (J2-A1) : menacé de dos
2025-06-01 08:19:13,309 [INFO] [ROUND] Fin du round 2
2025-06-01 08:19:13,358 [INFO] [ETAT] A6M5 (J1-A1) : PV=12, Energie=1, Critiques=aucun
2025-06-01 08:19:13,373 [INFO] [ETAT] F4U (J2-A1) : PV=27, Energie=1, Critiques=aucun
2025-06-01 08:19:13,390 [INFO] [SAUVEGARDE] Round 2 terminé et sauvegardé
2025-06-01 08:19:13,405 [INFO] [ROUND] Début du round 3
2025-06-01 08:19:13,424 [INFO] Démarrage du round 3
2025-06-01 08:19:13,438 [INFO] Rechargement des données du jeu depuis config.json
2025-06-01 08:19:13,455 [INFO] Données du jeu rechargées avec succès
2025-06-01 08:19:13,472 [INFO] Rechargement des données du jeu depuis config.json
2025-06-01 08:19:13,488 [INFO] Données du jeu rechargées avec succès
