2025-06-01 06:50:19,060 [INFO] === Démarrage de la partie 71 ===
2025-06-01 06:50:19,065 [INFO] Fichier de log: logs/game_71.log
2025-06-01 06:50:19,085 [INFO] Configuration JSON chargée et réinitialisée avec succès
2025-06-01 06:50:19,352 [INFO] Initialisation de l'application principale
2025-06-01 06:50:19,365 [DEBUG] Interface principale créée
2025-06-01 06:50:19,383 [DEBUG] Menu principal créé avec succès
2025-06-01 06:50:19,398 [INFO] Application démarrée avec succès
2025-06-01 06:50:20,919 [INFO] Ouverture de la fenêtre de choix des joueurs
2025-06-01 06:50:28,106 [INFO] Démarrage du round 1
2025-06-01 06:50:28,150 [INFO] Rechargement des données du jeu depuis config.json
2025-06-01 06:50:28,167 [INFO] Données du jeu rechargées avec succès
2025-06-01 06:50:28,182 [INFO] Rechargement des données du jeu depuis config.json
2025-06-01 06:50:28,199 [INFO] Données du jeu rechargées avec succès
2025-06-01 06:50:33,302 [INFO] [ENERGIE] A6M5 (J1-A1) : changement d'énergie de 0
2025-06-01 06:50:34,768 [INFO] [ENERGIE] F4U (J2-A1) : changement d'énergie de 0
2025-06-01 06:50:35,736 [INFO] [PHASE] Fin de la phase d'énergie - Round 1
2025-06-01 06:50:35,768 [INFO] [ENERGIE] A6M5 (J1-A1) : énergie finale = 1
2025-06-01 06:50:35,783 [INFO] [ENERGIE] F4U (J2-A1) : énergie finale = 1
2025-06-01 06:50:41,769 [INFO] [DEGATS] F4U (J2-A1) : subit 3 dégâts (PV: 27 -> 24)
2025-06-01 06:50:44,754 [INFO] Phase d'attaque terminée et sauvegardée
2025-06-01 06:50:44,790 [INFO] [ETAT] A6M5 (J1-A1) de l'équipe Japon est toujours actif
2025-06-01 06:50:44,801 [INFO] [ETAT] F4U (J2-A1) de l'équipe US est toujours actif
2025-06-01 06:50:44,824 [INFO] [ETAT] A6M5 (J1-A1) de l'équipe Japon est toujours actif
2025-06-01 06:50:44,833 [INFO] [ETAT] F4U (J2-A1) de l'équipe US est toujours actif
2025-06-01 06:50:48,618 [INFO] [ROUND] Fin du round 1
2025-06-01 06:50:48,669 [INFO] [ETAT] A6M5 (J1-A1) : PV=12, Energie=1, Critiques=aucun
2025-06-01 06:50:48,685 [INFO] [ETAT] F4U (J2-A1) : PV=24, Energie=1, Critiques=aucun
2025-06-01 06:50:48,701 [INFO] [SAUVEGARDE] Round 1 terminé et sauvegardé
2025-06-01 06:50:48,716 [INFO] [ROUND] Début du round 2
2025-06-01 06:50:48,734 [INFO] Démarrage du round 2
2025-06-01 06:50:48,749 [INFO] Rechargement des données du jeu depuis config.json
2025-06-01 06:50:48,766 [INFO] Données du jeu rechargées avec succès
2025-06-01 06:50:48,782 [INFO] Rechargement des données du jeu depuis config.json
2025-06-01 06:50:48,799 [INFO] Données du jeu rechargées avec succès
