2025-06-01 06:39:11,611 [INFO] === Démarrage de la partie 69 ===
2025-06-01 06:39:11,635 [INFO] Fichier de log: logs/game_69.log
2025-06-01 06:39:11,653 [INFO] Configuration JSON chargée et réinitialisée avec succès
2025-06-01 06:39:11,885 [INFO] Initialisation de l'application principale
2025-06-01 06:39:11,902 [DEBUG] Interface principale créée
2025-06-01 06:39:11,921 [DEBUG] Menu principal créé avec succès
2025-06-01 06:39:11,935 [INFO] Application démarrée avec succès
2025-06-01 06:39:15,205 [INFO] Ouverture de la fenêtre de choix des joueurs
2025-06-01 06:39:28,811 [INFO] Démarrage du round 1
2025-06-01 06:39:28,854 [INFO] Rechargement des données du jeu depuis config.json
2025-06-01 06:39:28,871 [INFO] Données du jeu rechargées avec succès
2025-06-01 06:39:28,886 [INFO] Rechargement des données du jeu depuis config.json
2025-06-01 06:39:28,902 [INFO] Données du jeu rechargées avec succès
2025-06-01 06:39:53,822 [INFO] [ENERGIE] F4U (J2-A2) : changement d'énergie de 0
2025-06-01 06:39:54,423 [INFO] [ENERGIE] A6M5 (J1-A1) : changement d'énergie de 0
2025-06-01 06:39:54,956 [INFO] [ENERGIE] A6M5 (J1-A3) : changement d'énergie de 0
2025-06-01 06:39:55,422 [INFO] [ENERGIE] F4U (J2-A1) : changement d'énergie de 0
2025-06-01 06:39:55,788 [INFO] [ENERGIE] A6M5 (J1-A4) : changement d'énergie de 0
2025-06-01 06:39:56,256 [INFO] [ENERGIE] A6M5 (J1-A2) : changement d'énergie de 0
2025-06-01 06:39:56,672 [INFO] [ENERGIE] F4U (J2-A3) : changement d'énergie de 0
2025-06-01 06:39:57,072 [INFO] [ENERGIE] F4U (J2-A4) : changement d'énergie de 0
2025-06-01 06:39:58,672 [INFO] [PHASE] Fin de la phase d'énergie - Round 1
2025-06-01 06:39:58,705 [INFO] [ENERGIE] F4U (J2-A2) : énergie finale = 1
2025-06-01 06:39:58,720 [INFO] [ENERGIE] A6M5 (J1-A1) : énergie finale = 1
2025-06-01 06:39:58,736 [INFO] [ENERGIE] A6M5 (J1-A3) : énergie finale = 1
2025-06-01 06:39:58,752 [INFO] [ENERGIE] F4U (J2-A1) : énergie finale = 1
2025-06-01 06:39:58,769 [INFO] [ENERGIE] A6M5 (J1-A4) : énergie finale = 1
2025-06-01 06:39:58,785 [INFO] [ENERGIE] A6M5 (J1-A2) : énergie finale = 1
2025-06-01 06:39:58,802 [INFO] [ENERGIE] F4U (J2-A3) : énergie finale = 1
2025-06-01 06:39:58,819 [INFO] [ENERGIE] F4U (J2-A4) : énergie finale = 1
2025-06-01 06:40:15,873 [INFO] [CRITIQUE] F4U (J2-A4) : critique(s) sélectionné(s) Arme Enrayée, Blackout (dé: 4, arme: mitraillette)
2025-06-01 06:40:28,156 [INFO] [CRITIQUE] F4U (J2-A4) : application des critiques Arme Enrayée, Blackout
2025-06-01 06:40:28,190 [INFO] Phase d'attaque terminée et sauvegardée
2025-06-01 06:40:28,212 [INFO] [ETAT] A6M5 (J1-A1) de l'équipe Japon est toujours actif
2025-06-01 06:40:28,220 [INFO] [ETAT] A6M5 (J1-A2) de l'équipe Japon est toujours actif
2025-06-01 06:40:28,236 [INFO] [ETAT] A6M5 (J1-A3) de l'équipe Japon est toujours actif
2025-06-01 06:40:28,252 [INFO] [ETAT] A6M5 (J1-A4) de l'équipe Japon est toujours actif
2025-06-01 06:40:28,269 [INFO] [ETAT] F4U (J2-A1) de l'équipe US est toujours actif
2025-06-01 06:40:28,285 [INFO] [ETAT] F4U (J2-A2) de l'équipe US est toujours actif
2025-06-01 06:40:28,302 [INFO] [ETAT] F4U (J2-A3) de l'équipe US est toujours actif
2025-06-01 06:40:28,318 [INFO] [ETAT] F4U (J2-A4) de l'équipe US est toujours actif
2025-06-01 06:40:28,335 [INFO] [ETAT] A6M5 (J1-A1) de l'équipe Japon est toujours actif
2025-06-01 06:40:28,352 [INFO] [ETAT] A6M5 (J1-A2) de l'équipe Japon est toujours actif
2025-06-01 06:40:28,368 [INFO] [ETAT] A6M5 (J1-A3) de l'équipe Japon est toujours actif
2025-06-01 06:40:28,385 [INFO] [ETAT] A6M5 (J1-A4) de l'équipe Japon est toujours actif
2025-06-01 06:40:28,402 [INFO] [ETAT] F4U (J2-A1) de l'équipe US est toujours actif
2025-06-01 06:40:28,418 [INFO] [ETAT] F4U (J2-A2) de l'équipe US est toujours actif
2025-06-01 06:40:28,435 [INFO] [ETAT] F4U (J2-A3) de l'équipe US est toujours actif
2025-06-01 06:40:28,452 [INFO] [ETAT] F4U (J2-A4) de l'équipe US est toujours actif
2025-06-01 06:40:37,106 [INFO] [ROUND] Fin du round 1
2025-06-01 06:40:37,138 [INFO] [ETAT] A6M5 (J1-A1) : PV=12, Energie=1, Critiques=aucun
2025-06-01 06:40:37,154 [INFO] [ETAT] A6M5 (J1-A2) : PV=12, Energie=1, Critiques=aucun
2025-06-01 06:40:37,169 [INFO] [ETAT] A6M5 (J1-A3) : PV=12, Energie=1, Critiques=aucun
2025-06-01 06:40:37,185 [INFO] [ETAT] A6M5 (J1-A4) : PV=12, Energie=1, Critiques=aucun
2025-06-01 06:40:37,202 [INFO] [ETAT] F4U (J2-A1) : PV=27, Energie=1, Critiques=aucun
2025-06-01 06:40:37,218 [INFO] [ETAT] F4U (J2-A2) : PV=27, Energie=1, Critiques=aucun
2025-06-01 06:40:37,235 [INFO] [ETAT] F4U (J2-A3) : PV=27, Energie=1, Critiques=aucun
2025-06-01 06:40:37,252 [INFO] [ETAT] F4U (J2-A4) : PV=27, Energie=1, Critiques=Arme Enrayée, Blackout
2025-06-01 06:40:37,269 [INFO] [SAUVEGARDE] Round 1 terminé et sauvegardé
2025-06-01 06:40:37,285 [INFO] [ROUND] Début du round 2
2025-06-01 06:40:37,316 [INFO] Démarrage du round 2
2025-06-01 06:40:37,335 [INFO] Rechargement des données du jeu depuis config.json
2025-06-01 06:40:37,352 [INFO] Données du jeu rechargées avec succès
2025-06-01 06:40:37,368 [INFO] Rechargement des données du jeu depuis config.json
2025-06-01 06:40:37,385 [INFO] Données du jeu rechargées avec succès
2025-06-01 06:40:54,088 [INFO] [ENERGIE] F4U (J2-A4) : changement d'énergie de 0
2025-06-01 06:40:54,455 [INFO] [ENERGIE] A6M5 (J1-A4) : changement d'énergie de 0
2025-06-01 06:40:54,804 [INFO] [ENERGIE] F4U (J2-A2) : changement d'énergie de 0
2025-06-01 06:40:55,122 [INFO] [ENERGIE] F4U (J2-A3) : changement d'énergie de 0
2025-06-01 06:40:55,422 [INFO] [ENERGIE] A6M5 (J1-A1) : changement d'énergie de 0
2025-06-01 06:40:55,705 [INFO] [ENERGIE] A6M5 (J1-A2) : changement d'énergie de 0
2025-06-01 06:40:55,987 [INFO] [ENERGIE] A6M5 (J1-A3) : changement d'énergie de 0
2025-06-01 06:40:56,288 [INFO] [ENERGIE] F4U (J2-A1) : changement d'énergie de 0
2025-06-01 06:40:58,188 [INFO] [PHASE] Fin de la phase d'énergie - Round 2
2025-06-01 06:40:58,222 [INFO] [ENERGIE] F4U (J2-A4) : énergie finale = 1
2025-06-01 06:40:58,237 [INFO] [ENERGIE] A6M5 (J1-A4) : énergie finale = 1
2025-06-01 06:40:58,253 [INFO] [ENERGIE] F4U (J2-A2) : énergie finale = 1
2025-06-01 06:40:58,269 [INFO] [ENERGIE] F4U (J2-A3) : énergie finale = 1
2025-06-01 06:40:58,285 [INFO] [ENERGIE] A6M5 (J1-A1) : énergie finale = 1
2025-06-01 06:40:58,302 [INFO] [ENERGIE] A6M5 (J1-A2) : énergie finale = 1
2025-06-01 06:40:58,318 [INFO] [ENERGIE] A6M5 (J1-A3) : énergie finale = 1
2025-06-01 06:40:58,335 [INFO] [ENERGIE] F4U (J2-A1) : énergie finale = 1
2025-06-01 06:41:03,742 [INFO] Phase d'attaque terminée et sauvegardée
2025-06-01 06:41:03,814 [INFO] [ETAT] A6M5 (J1-A1) de l'équipe Japon est toujours actif
2025-06-01 06:41:03,837 [INFO] [ETAT] A6M5 (J1-A2) de l'équipe Japon est toujours actif
2025-06-01 06:41:03,853 [INFO] [ETAT] A6M5 (J1-A3) de l'équipe Japon est toujours actif
2025-06-01 06:41:03,869 [INFO] [ETAT] A6M5 (J1-A4) de l'équipe Japon est toujours actif
2025-06-01 06:41:03,885 [INFO] [ETAT] F4U (J2-A1) de l'équipe US est toujours actif
2025-06-01 06:41:03,902 [INFO] [ETAT] F4U (J2-A2) de l'équipe US est toujours actif
2025-06-01 06:41:03,918 [INFO] [ETAT] F4U (J2-A3) de l'équipe US est toujours actif
2025-06-01 06:41:03,935 [INFO] [ETAT] F4U (J2-A4) de l'équipe US est toujours actif
2025-06-01 06:41:03,952 [INFO] [ETAT] A6M5 (J1-A1) de l'équipe Japon est toujours actif
2025-06-01 06:41:03,968 [INFO] [ETAT] A6M5 (J1-A2) de l'équipe Japon est toujours actif
2025-06-01 06:41:03,985 [INFO] [ETAT] A6M5 (J1-A3) de l'équipe Japon est toujours actif
2025-06-01 06:41:04,002 [INFO] [ETAT] A6M5 (J1-A4) de l'équipe Japon est toujours actif
2025-06-01 06:41:04,018 [INFO] [ETAT] F4U (J2-A1) de l'équipe US est toujours actif
2025-06-01 06:41:04,035 [INFO] [ETAT] F4U (J2-A2) de l'équipe US est toujours actif
2025-06-01 06:41:04,052 [INFO] [ETAT] F4U (J2-A3) de l'équipe US est toujours actif
2025-06-01 06:41:04,068 [INFO] [ETAT] F4U (J2-A4) de l'équipe US est toujours actif
2025-06-01 06:41:06,604 [INFO] [ROUND] Fin du round 2
2025-06-01 06:41:06,669 [INFO] [ETAT] A6M5 (J1-A1) : PV=12, Energie=1, Critiques=aucun
2025-06-01 06:41:06,687 [INFO] [ETAT] A6M5 (J1-A2) : PV=12, Energie=1, Critiques=aucun
2025-06-01 06:41:06,703 [INFO] [ETAT] A6M5 (J1-A3) : PV=12, Energie=1, Critiques=aucun
2025-06-01 06:41:06,719 [INFO] [ETAT] A6M5 (J1-A4) : PV=12, Energie=1, Critiques=aucun
2025-06-01 06:41:06,735 [INFO] [ETAT] F4U (J2-A1) : PV=27, Energie=1, Critiques=aucun
2025-06-01 06:41:06,752 [INFO] [ETAT] F4U (J2-A2) : PV=27, Energie=1, Critiques=aucun
2025-06-01 06:41:06,768 [INFO] [ETAT] F4U (J2-A3) : PV=27, Energie=1, Critiques=aucun
2025-06-01 06:41:06,785 [INFO] [ETAT] F4U (J2-A4) : PV=27, Energie=1, Critiques=Arme Enrayée, Blackout
2025-06-01 06:41:06,802 [INFO] [SAUVEGARDE] Round 2 terminé et sauvegardé
2025-06-01 06:41:06,818 [INFO] [ROUND] Début du round 3
2025-06-01 06:41:06,848 [INFO] Démarrage du round 3
2025-06-01 06:41:06,868 [INFO] Rechargement des données du jeu depuis config.json
2025-06-01 06:41:06,885 [INFO] Données du jeu rechargées avec succès
2025-06-01 06:41:06,902 [INFO] Rechargement des données du jeu depuis config.json
2025-06-01 06:41:06,919 [INFO] Données du jeu rechargées avec succès
2025-06-01 06:41:06,935 [INFO] [INITIATIVE] F4U (J2-A4) : Dé explosif! 1 explosion(s), résultat final: 11
2025-06-01 06:41:23,188 [INFO] [ENERGIE] F4U (J2-A4) : changement d'énergie de 0
2025-06-01 06:41:23,619 [INFO] [ENERGIE] F4U (J2-A1) : changement d'énergie de 0
2025-06-01 06:41:23,872 [INFO] [ENERGIE] F4U (J2-A1) : changement d'énergie de 0
2025-06-01 06:41:24,206 [INFO] [ENERGIE] F4U (J2-A3) : changement d'énergie de 0
2025-06-01 06:41:24,505 [INFO] [ENERGIE] A6M5 (J1-A1) : changement d'énergie de 0
2025-06-01 06:41:24,754 [INFO] [ENERGIE] A6M5 (J1-A2) : changement d'énergie de 0
2025-06-01 06:41:25,039 [INFO] [ENERGIE] A6M5 (J1-A4) : changement d'énergie de 0
2025-06-01 06:41:25,305 [INFO] [ENERGIE] F4U (J2-A2) : changement d'énergie de 0
2025-06-01 06:41:25,588 [INFO] [ENERGIE] F4U (J2-A2) : changement d'énergie de 0
2025-06-01 06:41:25,855 [INFO] [ENERGIE] F4U (J2-A2) : changement d'énergie de 0
2025-06-01 06:41:26,204 [INFO] [ENERGIE] F4U (J2-A2) : changement d'énergie de 0
2025-06-01 06:41:26,522 [INFO] [ENERGIE] F4U (J2-A2) : changement d'énergie de 0
2025-06-01 06:41:26,822 [INFO] [ENERGIE] F4U (J2-A2) : changement d'énergie de 0
2025-06-01 06:41:27,088 [INFO] [ENERGIE] F4U (J2-A2) : changement d'énergie de 0
2025-06-01 06:41:27,371 [INFO] [ENERGIE] F4U (J2-A2) : changement d'énergie de 0
2025-06-01 06:41:27,672 [INFO] [ENERGIE] F4U (J2-A2) : changement d'énergie de 0
2025-06-01 06:41:29,188 [INFO] [ENERGIE] F4U (J2-A2) : changement d'énergie de 0
2025-06-01 06:41:31,822 [INFO] [ENERGIE] A6M5 (J1-A3) : changement d'énergie de 0
2025-06-01 06:41:33,372 [INFO] [PHASE] Fin de la phase d'énergie - Round 3
2025-06-01 06:41:33,421 [INFO] [ENERGIE] F4U (J2-A4) : énergie finale = 1
2025-06-01 06:41:33,437 [INFO] [ENERGIE] A6M5 (J1-A3) : énergie finale = 1
2025-06-01 06:41:33,453 [INFO] [ENERGIE] F4U (J2-A1) : énergie finale = 1
2025-06-01 06:41:33,469 [INFO] [ENERGIE] F4U (J2-A3) : énergie finale = 1
2025-06-01 06:41:33,485 [INFO] [ENERGIE] A6M5 (J1-A1) : énergie finale = 1
2025-06-01 06:41:33,502 [INFO] [ENERGIE] A6M5 (J1-A2) : énergie finale = 1
2025-06-01 06:41:33,518 [INFO] [ENERGIE] A6M5 (J1-A4) : énergie finale = 1
2025-06-01 06:41:33,535 [INFO] [ENERGIE] F4U (J2-A2) : énergie finale = 1
2025-06-01 06:41:36,273 [INFO] Phase d'attaque terminée et sauvegardée
2025-06-01 06:41:36,342 [INFO] [ETAT] A6M5 (J1-A1) de l'équipe Japon est toujours actif
2025-06-01 06:41:36,352 [INFO] [ETAT] A6M5 (J1-A2) de l'équipe Japon est toujours actif
2025-06-01 06:41:36,370 [INFO] [ETAT] A6M5 (J1-A3) de l'équipe Japon est toujours actif
2025-06-01 06:41:36,386 [INFO] [ETAT] A6M5 (J1-A4) de l'équipe Japon est toujours actif
2025-06-01 06:41:36,402 [INFO] [ETAT] F4U (J2-A1) de l'équipe US est toujours actif
2025-06-01 06:41:36,419 [INFO] [ETAT] F4U (J2-A2) de l'équipe US est toujours actif
2025-06-01 06:41:36,435 [INFO] [ETAT] F4U (J2-A3) de l'équipe US est toujours actif
2025-06-01 06:41:36,452 [INFO] [ETAT] F4U (J2-A4) de l'équipe US est toujours actif
2025-06-01 06:41:36,468 [INFO] [ETAT] A6M5 (J1-A1) de l'équipe Japon est toujours actif
2025-06-01 06:41:36,485 [INFO] [ETAT] A6M5 (J1-A2) de l'équipe Japon est toujours actif
2025-06-01 06:41:36,502 [INFO] [ETAT] A6M5 (J1-A3) de l'équipe Japon est toujours actif
2025-06-01 06:41:36,518 [INFO] [ETAT] A6M5 (J1-A4) de l'équipe Japon est toujours actif
2025-06-01 06:41:36,535 [INFO] [ETAT] F4U (J2-A1) de l'équipe US est toujours actif
2025-06-01 06:41:36,551 [INFO] [ETAT] F4U (J2-A2) de l'équipe US est toujours actif
2025-06-01 06:41:36,568 [INFO] [ETAT] F4U (J2-A3) de l'équipe US est toujours actif
2025-06-01 06:41:36,585 [INFO] [ETAT] F4U (J2-A4) de l'équipe US est toujours actif
2025-06-01 06:41:38,589 [INFO] [ROUND] Fin du round 3
2025-06-01 06:41:38,621 [INFO] [ETAT] A6M5 (J1-A1) : PV=12, Energie=1, Critiques=aucun
2025-06-01 06:41:38,637 [INFO] [ETAT] A6M5 (J1-A2) : PV=12, Energie=1, Critiques=aucun
2025-06-01 06:41:38,652 [INFO] [ETAT] A6M5 (J1-A3) : PV=12, Energie=1, Critiques=aucun
2025-06-01 06:41:38,669 [INFO] [ETAT] A6M5 (J1-A4) : PV=12, Energie=1, Critiques=aucun
2025-06-01 06:41:38,685 [INFO] [ETAT] F4U (J2-A1) : PV=27, Energie=1, Critiques=aucun
2025-06-01 06:41:38,701 [INFO] [ETAT] F4U (J2-A2) : PV=27, Energie=1, Critiques=aucun
2025-06-01 06:41:38,718 [INFO] [ETAT] F4U (J2-A3) : PV=27, Energie=1, Critiques=aucun
2025-06-01 06:41:38,735 [INFO] [ETAT] F4U (J2-A4) : PV=27, Energie=1, Critiques=Arme Enrayée, Blackout
2025-06-01 06:41:38,752 [INFO] [SAUVEGARDE] Round 3 terminé et sauvegardé
2025-06-01 06:41:38,768 [INFO] [ROUND] Début du round 4
2025-06-01 06:41:38,798 [INFO] Démarrage du round 4
2025-06-01 06:41:38,818 [INFO] Rechargement des données du jeu depuis config.json
2025-06-01 06:41:38,835 [INFO] Données du jeu rechargées avec succès
2025-06-01 06:41:38,851 [INFO] Rechargement des données du jeu depuis config.json
2025-06-01 06:41:38,868 [INFO] Données du jeu rechargées avec succès
2025-06-01 06:41:45,472 [INFO] [ENERGIE] F4U (J2-A4) : changement d'énergie de 0
2025-06-01 06:41:46,005 [INFO] [ENERGIE] A6M5 (J1-A3) : changement d'énergie de 0
2025-06-01 06:41:46,372 [INFO] [ENERGIE] A6M5 (J1-A4) : changement d'énergie de 0
2025-06-01 06:41:46,737 [INFO] [ENERGIE] F4U (J2-A3) : changement d'énergie de 0
2025-06-01 06:41:47,122 [INFO] [ENERGIE] A6M5 (J1-A1) : changement d'énergie de 0
2025-06-01 06:41:47,437 [INFO] [ENERGIE] A6M5 (J1-A2) : changement d'énergie de 0
2025-06-01 06:41:47,805 [INFO] [ENERGIE] F4U (J2-A2) : changement d'énergie de 0
2025-06-01 06:41:48,155 [INFO] [ENERGIE] F4U (J2-A1) : changement d'énergie de 0
2025-06-01 06:41:49,622 [INFO] [PHASE] Fin de la phase d'énergie - Round 4
2025-06-01 06:41:49,654 [INFO] [ENERGIE] F4U (J2-A4) : énergie finale = 1
2025-06-01 06:41:49,670 [INFO] [ENERGIE] A6M5 (J1-A3) : énergie finale = 1
2025-06-01 06:41:49,686 [INFO] [ENERGIE] A6M5 (J1-A4) : énergie finale = 1
2025-06-01 06:41:49,702 [INFO] [ENERGIE] F4U (J2-A3) : énergie finale = 1
2025-06-01 06:41:49,718 [INFO] [ENERGIE] A6M5 (J1-A1) : énergie finale = 1
2025-06-01 06:41:49,735 [INFO] [ENERGIE] A6M5 (J1-A2) : énergie finale = 1
2025-06-01 06:41:49,752 [INFO] [ENERGIE] F4U (J2-A2) : énergie finale = 1
2025-06-01 06:41:49,768 [INFO] [ENERGIE] F4U (J2-A1) : énergie finale = 1
2025-06-01 06:41:52,091 [INFO] Phase d'attaque terminée et sauvegardée
2025-06-01 06:41:52,180 [INFO] [ETAT] A6M5 (J1-A1) de l'équipe Japon est toujours actif
2025-06-01 06:41:52,203 [INFO] [ETAT] A6M5 (J1-A2) de l'équipe Japon est toujours actif
2025-06-01 06:41:52,219 [INFO] [ETAT] A6M5 (J1-A3) de l'équipe Japon est toujours actif
2025-06-01 06:41:52,235 [INFO] [ETAT] A6M5 (J1-A4) de l'équipe Japon est toujours actif
2025-06-01 06:41:52,252 [INFO] [ETAT] F4U (J2-A1) de l'équipe US est toujours actif
2025-06-01 06:41:52,268 [INFO] [ETAT] F4U (J2-A2) de l'équipe US est toujours actif
2025-06-01 06:41:52,285 [INFO] [ETAT] F4U (J2-A3) de l'équipe US est toujours actif
2025-06-01 06:41:52,302 [INFO] [ETAT] F4U (J2-A4) de l'équipe US est toujours actif
2025-06-01 06:41:52,318 [INFO] [ETAT] A6M5 (J1-A1) de l'équipe Japon est toujours actif
2025-06-01 06:41:52,335 [INFO] [ETAT] A6M5 (J1-A2) de l'équipe Japon est toujours actif
2025-06-01 06:41:52,352 [INFO] [ETAT] A6M5 (J1-A3) de l'équipe Japon est toujours actif
2025-06-01 06:41:52,368 [INFO] [ETAT] A6M5 (J1-A4) de l'équipe Japon est toujours actif
2025-06-01 06:41:52,385 [INFO] [ETAT] F4U (J2-A1) de l'équipe US est toujours actif
2025-06-01 06:41:52,402 [INFO] [ETAT] F4U (J2-A2) de l'équipe US est toujours actif
2025-06-01 06:41:52,418 [INFO] [ETAT] F4U (J2-A3) de l'équipe US est toujours actif
2025-06-01 06:41:52,435 [INFO] [ETAT] F4U (J2-A4) de l'équipe US est toujours actif
2025-06-01 06:41:53,972 [INFO] [ROUND] Fin du round 4
2025-06-01 06:41:54,021 [INFO] [ETAT] A6M5 (J1-A1) : PV=12, Energie=1, Critiques=aucun
2025-06-01 06:41:54,037 [INFO] [ETAT] A6M5 (J1-A2) : PV=12, Energie=1, Critiques=aucun
2025-06-01 06:41:54,053 [INFO] [ETAT] A6M5 (J1-A3) : PV=12, Energie=1, Critiques=aucun
2025-06-01 06:41:54,069 [INFO] [ETAT] A6M5 (J1-A4) : PV=12, Energie=1, Critiques=aucun
2025-06-01 06:41:54,085 [INFO] [ETAT] F4U (J2-A1) : PV=27, Energie=1, Critiques=aucun
2025-06-01 06:41:54,101 [INFO] [ETAT] F4U (J2-A2) : PV=27, Energie=1, Critiques=aucun
2025-06-01 06:41:54,118 [INFO] [ETAT] F4U (J2-A3) : PV=27, Energie=1, Critiques=aucun
2025-06-01 06:41:54,135 [INFO] [ETAT] F4U (J2-A4) : PV=27, Energie=1, Critiques=Arme Enrayée, Blackout
2025-06-01 06:41:54,152 [INFO] [SAUVEGARDE] Round 4 terminé et sauvegardé
2025-06-01 06:41:54,168 [INFO] [ROUND] Début du round 5
2025-06-01 06:41:54,198 [INFO] Démarrage du round 5
2025-06-01 06:41:54,218 [INFO] Rechargement des données du jeu depuis config.json
2025-06-01 06:41:54,235 [INFO] Données du jeu rechargées avec succès
2025-06-01 06:41:54,252 [INFO] Rechargement des données du jeu depuis config.json
2025-06-01 06:41:54,268 [INFO] Données du jeu rechargées avec succès
2025-06-01 06:41:54,285 [INFO] [INITIATIVE] F4U (J2-A1) : Dé explosif! 3 explosion(s), résultat final: 39
2025-06-01 06:42:08,396 [INFO] Démarrage du round 4
2025-06-01 06:42:08,455 [INFO] Rechargement des données du jeu depuis config.json
2025-06-01 06:42:08,471 [INFO] Données du jeu rechargées avec succès
2025-06-01 06:42:08,486 [INFO] Rechargement des données du jeu depuis config.json
2025-06-01 06:42:08,502 [INFO] Données du jeu rechargées avec succès
2025-06-01 06:42:08,518 [INFO] [INITIATIVE] A6M5 (J1-A2) : Dé explosif! 1 explosion(s), résultat final: 19
