2025-06-01 08:36:55,026 [INFO] === Démarrage de la partie 100 ===
2025-06-01 08:36:55,048 [INFO] Fichier de log: logs/game_100.log
2025-06-01 08:36:55,066 [INFO] Configuration JSON chargée et réinitialisée avec succès
2025-06-01 08:36:55,333 [INFO] Initialisation de l'application principale
2025-06-01 08:36:55,348 [DEBUG] Interface principale créée
2025-06-01 08:36:55,366 [DEBUG] Menu principal créé avec succès
2025-06-01 08:36:55,381 [INFO] Application démarrée avec succès
2025-06-01 08:36:56,887 [INFO] Configuration de la campagne test sauvegardée
2025-06-01 08:36:56,948 [INFO] Démarrage du round 1
2025-06-01 08:36:56,965 [INFO] Rechargement des données du jeu depuis config.json
2025-06-01 08:36:56,981 [INFO] Données du jeu rechargées avec succès
2025-06-01 08:36:56,998 [INFO] Rechargement des données du jeu depuis config.json
2025-06-01 08:36:57,014 [INFO] Données du jeu rechargées avec succès
2025-06-01 08:36:57,031 [INFO] [INITIATIVE] A6M5 (J1-A1) : Dé explosif! 2 explosion(s), résultat final: 28
2025-06-01 08:37:02,419 [INFO] [DEGATS] F4U (J2-A1) : subit 27 dégâts (PV: 27 -> 0)
2025-06-01 08:37:02,500 [INFO] [DESTRUCTION] F4U (J2-A1) est détruit!
2025-06-01 08:37:13,252 [INFO] [ENERGIE] A6M5 (J1-A1) : changement d'énergie de 0
2025-06-01 08:37:15,285 [INFO] [ENERGIE] F4U (J2-A1) : changement d'énergie de 0
2025-06-01 08:37:16,102 [INFO] [PHASE] Fin de la phase d'énergie - Round 1
2025-06-01 08:37:16,133 [INFO] [ENERGIE] F4U (J2-A1) : énergie finale = 1
2025-06-01 08:37:16,148 [INFO] [ENERGIE] A6M5 (J1-A1) : énergie finale = 1
2025-06-01 08:37:16,165 [INFO] [ETAT] A6M5 (J1-A1) de l'équipe Japon est toujours actif
2025-06-01 08:37:16,181 [INFO] [VICTOIRE] L'équipe Japon remporte la partie avec 1 avion(s) restant(s)!
2025-06-01 08:37:41,951 [INFO] Ouverture de la fenêtre de choix des joueurs
2025-06-01 08:37:50,289 [INFO] Démarrage du round 1
2025-06-01 08:37:50,316 [INFO] Rechargement des données du jeu depuis config.json
2025-06-01 08:37:50,332 [INFO] Données du jeu rechargées avec succès
2025-06-01 08:37:50,348 [INFO] Rechargement des données du jeu depuis config.json
2025-06-01 08:37:50,364 [INFO] Données du jeu rechargées avec succès
2025-06-01 08:37:50,380 [INFO] [INITIATIVE] A6M5 (J1-A4) : Dé explosif! 1 explosion(s), résultat final: 11
2025-06-01 08:37:50,397 [INFO] [INITIATIVE] F6F Hellcat (J2-A1) : Dé explosif! 1 explosion(s), résultat final: 15
2025-06-01 08:37:56,517 [INFO] [ENERGIE] F6F Hellcat (J2-A3) : changement d'énergie de 0
2025-06-01 08:37:57,268 [INFO] [ENERGIE] A6M5 (J1-A2) : changement d'énergie de 0
2025-06-01 08:37:57,818 [INFO] [ENERGIE] A6M5 (J1-A1) : changement d'énergie de 0
2025-06-01 08:37:58,267 [INFO] [ENERGIE] A6M5 (J1-A3) : changement d'énergie de 0
2025-06-01 08:37:58,635 [INFO] [ENERGIE] A6M5 (J1-A4) : changement d'énergie de 0
2025-06-01 08:37:58,968 [INFO] [ENERGIE] F6F Hellcat (J2-A4) : changement d'énergie de 0
2025-06-01 08:37:59,285 [INFO] [ENERGIE] F6F Hellcat (J2-A2) : changement d'énergie de 0
2025-06-01 08:37:59,768 [INFO] [ENERGIE] F6F Hellcat (J2-A1) : changement d'énergie de 0
2025-06-01 08:38:01,151 [INFO] [PHASE] Fin de la phase d'énergie - Round 1
2025-06-01 08:38:01,166 [INFO] [ENERGIE] F6F Hellcat (J2-A3) : énergie finale = 1
2025-06-01 08:38:01,182 [INFO] [ENERGIE] A6M5 (J1-A2) : énergie finale = 1
2025-06-01 08:38:01,198 [INFO] [ENERGIE] A6M5 (J1-A1) : énergie finale = 1
2025-06-01 08:38:01,214 [INFO] [ENERGIE] A6M5 (J1-A3) : énergie finale = 1
2025-06-01 08:38:01,230 [INFO] [ENERGIE] A6M5 (J1-A4) : énergie finale = 1
2025-06-01 08:38:01,247 [INFO] [ENERGIE] F6F Hellcat (J2-A4) : énergie finale = 1
2025-06-01 08:38:01,263 [INFO] [ENERGIE] F6F Hellcat (J2-A2) : énergie finale = 1
2025-06-01 08:38:01,280 [INFO] [ENERGIE] F6F Hellcat (J2-A1) : énergie finale = 1
2025-06-01 08:38:01,297 [INFO] [ETAT] A6M5 (J1-A1) de l'équipe Japon est toujours actif
2025-06-01 08:38:01,313 [INFO] [ETAT] A6M5 (J1-A2) de l'équipe Japon est toujours actif
2025-06-01 08:38:01,330 [INFO] [ETAT] A6M5 (J1-A3) de l'équipe Japon est toujours actif
2025-06-01 08:38:01,347 [INFO] [ETAT] A6M5 (J1-A4) de l'équipe Japon est toujours actif
2025-06-01 08:38:01,363 [INFO] [ETAT] F6F Hellcat (J2-A1) de l'équipe US est toujours actif
2025-06-01 08:38:01,380 [INFO] [ETAT] F6F Hellcat (J2-A2) de l'équipe US est toujours actif
2025-06-01 08:38:01,397 [INFO] [ETAT] F6F Hellcat (J2-A3) de l'équipe US est toujours actif
2025-06-01 08:38:01,413 [INFO] [ETAT] F6F Hellcat (J2-A4) de l'équipe US est toujours actif
2025-06-01 08:38:15,969 [INFO] [CRITIQUE] A6M5 (J1-A3) : critique(s) sélectionné(s) Pilote Tué (dé: 2, arme: mitraillette)
2025-06-01 08:38:22,085 [INFO] [CRITIQUE] A6M5 (J1-A4) : critique(s) sélectionné(s) Wing Problems (dé: 9, arme: mitraillette)
2025-06-01 08:38:26,285 [INFO] [CRITIQUE] F6F Hellcat (J2-A4) : critique(s) sélectionné(s) Arme Enrayée, Blackout (dé: 4, arme: mitraillette)
2025-06-01 08:38:30,534 [INFO] [DEGATS] F6F Hellcat (J2-A1) : subit 3 dégâts (PV: 27 -> 24)
2025-06-01 08:38:30,565 [INFO] [DEGATS] F6F Hellcat (J2-A2) : subit 5 dégâts (PV: 27 -> 22)
2025-06-01 08:38:30,581 [INFO] [CRITIQUE] A6M5 (J1-A3) : application des critiques Pilote Tué
2025-06-01 08:38:30,597 [INFO] [CRITIQUE] A6M5 (J1-A4) : application des critiques Wing Problems
2025-06-01 08:38:30,613 [INFO] [CRITIQUE] F6F Hellcat (J2-A4) : application des critiques Arme Enrayée, Blackout
2025-06-01 08:38:30,630 [INFO] Phase d'attaque terminée et sauvegardée
2025-06-01 08:38:30,649 [INFO] [ETAT] A6M5 (J1-A1) de l'équipe Japon est toujours actif
2025-06-01 08:38:30,663 [INFO] [ETAT] A6M5 (J1-A2) de l'équipe Japon est toujours actif
2025-06-01 08:38:30,680 [INFO] [ETAT] A6M5 (J1-A3) de l'équipe Japon est toujours actif
2025-06-01 08:38:30,696 [INFO] [ETAT] A6M5 (J1-A4) de l'équipe Japon est toujours actif
2025-06-01 08:38:30,713 [INFO] [ETAT] F6F Hellcat (J2-A1) de l'équipe US est toujours actif
2025-06-01 08:38:30,730 [INFO] [ETAT] F6F Hellcat (J2-A2) de l'équipe US est toujours actif
2025-06-01 08:38:30,747 [INFO] [ETAT] F6F Hellcat (J2-A3) de l'équipe US est toujours actif
2025-06-01 08:38:30,763 [INFO] [ETAT] F6F Hellcat (J2-A4) de l'équipe US est toujours actif
2025-06-01 08:38:30,780 [INFO] [DESTRUCTION PAR CRITIQUE] A6M5 (J1-A3) a été détruit par le critique "Pilote Tué" (PV: 12 -> 0)
2025-06-01 08:38:36,187 [INFO] [ETAT] A6M5 (J1-A1) de l'équipe Japon est toujours actif
2025-06-01 08:38:36,248 [INFO] [ETAT] A6M5 (J1-A2) de l'équipe Japon est toujours actif
2025-06-01 08:38:36,265 [INFO] [ETAT] A6M5 (J1-A4) de l'équipe Japon est toujours actif
2025-06-01 08:38:36,280 [INFO] [ETAT] F6F Hellcat (J2-A1) de l'équipe US est toujours actif
2025-06-01 08:38:36,297 [INFO] [ETAT] F6F Hellcat (J2-A2) de l'équipe US est toujours actif
2025-06-01 08:38:36,313 [INFO] [ETAT] F6F Hellcat (J2-A3) de l'équipe US est toujours actif
2025-06-01 08:38:36,330 [INFO] [ETAT] F6F Hellcat (J2-A4) de l'équipe US est toujours actif
2025-06-01 08:38:47,901 [INFO] [ROUND] Fin du round 1
2025-06-01 08:38:47,933 [INFO] [ETAT] A6M5 (J1-A1) : PV=12, Energie=1, Critiques=aucun
2025-06-01 08:38:47,948 [INFO] [ETAT] A6M5 (J1-A2) : PV=12, Energie=1, Critiques=aucun
2025-06-01 08:38:47,976 [INFO] [ETAT] A6M5 (J1-A4) : PV=12, Energie=1, Critiques=Wing Problems
2025-06-01 08:38:47,997 [INFO] [ETAT] F6F Hellcat (J2-A1) : PV=24, Energie=1, Critiques=aucun
2025-06-01 08:38:48,013 [INFO] [ETAT] F6F Hellcat (J2-A2) : PV=22, Energie=1, Critiques=aucun
2025-06-01 08:38:48,030 [INFO] [ETAT] F6F Hellcat (J2-A3) : PV=27, Energie=1, Critiques=aucun
2025-06-01 08:38:48,046 [INFO] [ETAT] F6F Hellcat (J2-A4) : PV=27, Energie=1, Critiques=Arme Enrayée, Blackout
2025-06-01 08:38:48,063 [INFO] [SAUVEGARDE] Round 1 terminé et sauvegardé
2025-06-01 08:38:48,080 [INFO] [ROUND] Début du round 2
2025-06-01 08:38:48,099 [INFO] Démarrage du round 2
2025-06-01 08:38:48,113 [INFO] Rechargement des données du jeu depuis config.json
2025-06-01 08:38:48,130 [INFO] Données du jeu rechargées avec succès
2025-06-01 08:38:48,146 [INFO] Rechargement des données du jeu depuis config.json
2025-06-01 08:38:48,163 [INFO] Données du jeu rechargées avec succès
2025-06-01 08:38:48,180 [INFO] [INITIATIVE] A6M5 (J1-A1) : Dé explosif! 1 explosion(s), résultat final: 16
2025-06-01 08:38:48,196 [INFO] [INITIATIVE] A6M5 (J1-A4) : Dé explosif! 4 explosion(s), résultat final: 45
