2025-06-01 07:55:46,080 [INFO] === Démarrage de la partie 86 ===
2025-06-01 07:55:46,090 [INFO] Fichier de log: logs/game_86.log
2025-06-01 07:55:46,111 [INFO] Configuration JSON chargée et réinitialisée avec succès
2025-06-01 07:55:46,375 [INFO] Initialisation de l'application principale
2025-06-01 07:55:46,390 [DEBUG] Interface principale créée
2025-06-01 07:55:46,408 [DEBUG] Menu principal créé avec succès
2025-06-01 07:55:46,423 [INFO] Application démarrée avec succès
2025-06-01 07:55:48,244 [INFO] Ouverture de la fenêtre de choix des joueurs
2025-06-01 07:55:55,515 [INFO] Démarrage du round 1
2025-06-01 07:55:55,542 [INFO] Rechargement des données du jeu depuis config.json
2025-06-01 07:55:55,558 [INFO] Données du jeu rechargées avec succès
2025-06-01 07:55:55,574 [INFO] Rechargement des données du jeu depuis config.json
2025-06-01 07:55:55,590 [INFO] Données du jeu rechargées avec succès
2025-06-01 07:55:55,606 [INFO] [INITIATIVE] A6M5 (J1-A1) : Dé explosif! 1 explosion(s), résultat final: 19
2025-06-01 07:56:04,276 [INFO] [ENERGIE] F4U (J2-A1) : changement d'énergie de +1
2025-06-01 07:56:07,243 [INFO] [ENERGIE] A6M5 (J1-A1) : changement d'énergie de 0
2025-06-01 07:56:08,493 [INFO] [PHASE] Fin de la phase d'énergie - Round 1
2025-06-01 07:56:08,525 [INFO] [ENERGIE] F4U (J2-A1) : énergie finale = 2
2025-06-01 07:56:08,541 [INFO] [ENERGIE] A6M5 (J1-A1) : énergie finale = 1
2025-06-01 07:56:37,244 [INFO] [DEGATS] A6M5 (J1-A1) : subit 5 dégâts (PV: 12 -> 7)
2025-06-01 07:56:37,310 [INFO] [DEGATS] F4U (J2-A1) : subit 14 dégâts (PV: 27 -> 13)
2025-06-01 07:56:37,326 [INFO] Phase d'attaque terminée et sauvegardée
2025-06-01 07:56:37,345 [INFO] [ETAT] A6M5 (J1-A1) de l'équipe Japon est toujours actif
2025-06-01 07:56:37,357 [INFO] [ETAT] F4U (J2-A1) de l'équipe US est toujours actif
2025-06-01 07:56:37,373 [INFO] [ETAT] A6M5 (J1-A1) de l'équipe Japon est toujours actif
2025-06-01 07:56:37,390 [INFO] [ETAT] F4U (J2-A1) de l'équipe US est toujours actif
2025-06-01 07:56:43,028 [INFO] [ROUND] Fin du round 1
2025-06-01 07:56:43,058 [INFO] [ETAT] A6M5 (J1-A1) : PV=7, Energie=1, Critiques=aucun
2025-06-01 07:56:43,074 [INFO] [ETAT] F4U (J2-A1) : PV=13, Energie=2, Critiques=aucun
2025-06-01 07:56:43,091 [INFO] [SAUVEGARDE] Round 1 terminé et sauvegardé
2025-06-01 07:56:43,106 [INFO] [ROUND] Début du round 2
2025-06-01 07:56:43,125 [INFO] Démarrage du round 2
2025-06-01 07:56:43,140 [INFO] Rechargement des données du jeu depuis config.json
2025-06-01 07:56:43,156 [INFO] Données du jeu rechargées avec succès
2025-06-01 07:56:43,173 [INFO] Rechargement des données du jeu depuis config.json
2025-06-01 07:56:43,189 [INFO] Données du jeu rechargées avec succès
2025-06-01 07:56:47,843 [INFO] [ENERGIE] F4U (J2-A1) : changement d'énergie de 0
2025-06-01 07:56:48,877 [INFO] [ENERGIE] A6M5 (J1-A1) : changement d'énergie de 0
2025-06-01 07:56:50,694 [INFO] [PHASE] Fin de la phase d'énergie - Round 2
2025-06-01 07:56:50,725 [INFO] [ENERGIE] F4U (J2-A1) : énergie finale = 2
2025-06-01 07:56:50,741 [INFO] [ENERGIE] A6M5 (J1-A1) : énergie finale = 1
2025-06-01 07:57:16,328 [INFO] [DEGATS] F4U (J2-A1) : subit 13 dégâts (PV: 13 -> 0)
2025-06-01 07:57:16,375 [INFO] [DESTRUCTION] F4U (J2-A1) est détruit!
2025-06-01 07:57:16,392 [INFO] Phase d'attaque terminée et sauvegardée
2025-06-01 07:57:16,410 [INFO] [ETAT] A6M5 (J1-A1) de l'équipe Japon est toujours actif
2025-06-01 07:57:16,424 [INFO] [VICTOIRE] L'équipe Japon remporte la partie avec 1 avion(s) restant(s)!
2025-06-01 07:57:46,777 [INFO] Ouverture de la fenêtre de choix des joueurs
2025-06-01 07:57:53,412 [INFO] Démarrage du round 1
2025-06-01 07:57:53,491 [INFO] Rechargement des données du jeu depuis config.json
2025-06-01 07:57:53,508 [INFO] Données du jeu rechargées avec succès
2025-06-01 07:57:53,524 [INFO] Rechargement des données du jeu depuis config.json
2025-06-01 07:57:53,540 [INFO] Données du jeu rechargées avec succès
2025-06-01 07:57:57,127 [INFO] [ENERGIE] A6M5 (J1-A1) : changement d'énergie de +1
2025-06-01 07:57:58,143 [INFO] [ENERGIE] F4U (J2-A1) : changement d'énergie de +1
2025-06-01 07:57:59,160 [INFO] [PHASE] Fin de la phase d'énergie - Round 1
2025-06-01 07:57:59,191 [INFO] [ENERGIE] A6M5 (J1-A1) : énergie finale = 2
2025-06-01 07:57:59,207 [INFO] [ENERGIE] F4U (J2-A1) : énergie finale = 2
2025-06-01 07:58:10,912 [INFO] Phase d'attaque terminée et sauvegardée
2025-06-01 07:58:10,945 [INFO] [ETAT] A6M5 (J1-A1) de l'équipe Japon est toujours actif
2025-06-01 07:58:10,957 [INFO] [ETAT] F4U (J2-A1) de l'équipe US est toujours actif
2025-06-01 07:58:10,974 [INFO] [ETAT] A6M5 (J1-A1) de l'équipe Japon est toujours actif
2025-06-01 07:58:10,990 [INFO] [ETAT] F4U (J2-A1) de l'équipe US est toujours actif
2025-06-01 07:58:16,127 [INFO] [MENACE] A6M5 (J1-A1) : menacé de dos
2025-06-01 07:58:20,561 [INFO] [ROUND] Fin du round 1
2025-06-01 07:58:20,591 [INFO] [ETAT] A6M5 (J1-A1) : PV=12, Energie=2, Critiques=aucun
2025-06-01 07:58:20,607 [INFO] [ETAT] F4U (J2-A1) : PV=27, Energie=2, Critiques=aucun
2025-06-01 07:58:20,624 [INFO] [SAUVEGARDE] Round 1 terminé et sauvegardé
2025-06-01 07:58:20,640 [INFO] [ROUND] Début du round 2
2025-06-01 07:58:20,658 [INFO] Démarrage du round 2
2025-06-01 07:58:20,673 [INFO] Rechargement des données du jeu depuis config.json
2025-06-01 07:58:20,689 [INFO] Données du jeu rechargées avec succès
2025-06-01 07:58:20,706 [INFO] Rechargement des données du jeu depuis config.json
2025-06-01 07:58:20,723 [INFO] Données du jeu rechargées avec succès
2025-06-01 07:58:20,739 [INFO] [INITIATIVE] F4U (J2-A1) : Dé explosif! 1 explosion(s), résultat final: 18
2025-06-01 07:58:24,877 [INFO] [ENERGIE] A6M5 (J1-A1) : changement d'énergie de 0
2025-06-01 07:58:26,160 [INFO] [ENERGIE] F4U (J2-A1) : changement d'énergie de 0
2025-06-01 07:58:27,894 [INFO] [PHASE] Fin de la phase d'énergie - Round 2
2025-06-01 07:58:27,958 [INFO] [ENERGIE] A6M5 (J1-A1) : énergie finale = 2
2025-06-01 07:58:27,974 [INFO] [ENERGIE] F4U (J2-A1) : énergie finale = 2
