2025-06-01 08:25:14,915 [INFO] === Démarrage de la partie 93 ===
2025-06-01 08:25:14,938 [INFO] Fichier de log: logs/game_93.log
2025-06-01 08:25:14,956 [INFO] Configuration JSON chargée et réinitialisée avec succès
2025-06-01 08:25:15,237 [INFO] Initialisation de l'application principale
2025-06-01 08:25:15,289 [DEBUG] Interface principale créée
2025-06-01 08:25:15,306 [DEBUG] Menu principal créé avec succès
2025-06-01 08:25:15,321 [INFO] Application démarrée avec succès
2025-06-01 08:25:16,310 [INFO] Configuration de la campagne test sauvegardée
2025-06-01 08:25:16,372 [INFO] Démarrage du round 1
2025-06-01 08:25:16,388 [INFO] Rechargement des données du jeu depuis config.json
2025-06-01 08:25:16,405 [INFO] Données du jeu rechargées avec succès
2025-06-01 08:25:16,421 [INFO] Rechargement des données du jeu depuis config.json
2025-06-01 08:25:16,438 [INFO] Données du jeu rechargées avec succès
2025-06-01 08:25:27,542 [INFO] [ENERGIE] F4U (J2-A1) : changement d'énergie de 0
2025-06-01 08:27:52,742 [INFO] [ENERGIE] A6M5 (J1-A1) : changement d'énergie de -1
2025-06-01 08:27:54,425 [INFO] [PHASE] Fin de la phase d'énergie - Round 1
2025-06-01 08:27:54,456 [INFO] [ENERGIE] F4U (J2-A1) : énergie finale = 1
2025-06-01 08:27:54,473 [INFO] [ENERGIE] A6M5 (J1-A1) : énergie finale = 0
2025-06-01 08:27:57,608 [INFO] [CRITIQUE] A6M5 (J1-A1) : critique(s) sélectionné(s) Arme Enrayée, Blackout (dé: 4, arme: mitraillette)
2025-06-01 08:28:02,175 [INFO] [CRITIQUE] F4U (J2-A1) : critique(s) sélectionné(s) Engine Damage (dé: 8, arme: mitraillette)
2025-06-01 08:28:04,776 [INFO] [CRITIQUE] A6M5 (J1-A1) : application des critiques Arme Enrayée, Blackout
2025-06-01 08:28:04,806 [INFO] [CRITIQUE] F4U (J2-A1) : application des critiques Engine Damage
2025-06-01 08:28:04,823 [INFO] Phase d'attaque terminée et sauvegardée
2025-06-01 08:28:04,841 [INFO] [ETAT] A6M5 (J1-A1) de l'équipe Japon est toujours actif
2025-06-01 08:28:04,855 [INFO] [ETAT] F4U (J2-A1) de l'équipe US est toujours actif
2025-06-01 08:28:04,871 [INFO] [ETAT] A6M5 (J1-A1) de l'équipe Japon est toujours actif
2025-06-01 08:28:04,887 [INFO] [ETAT] F4U (J2-A1) de l'équipe US est toujours actif
2025-06-01 08:28:04,904 [INFO] [MENACE RÉINITIALISÉE] A6M5 (J1-A1) :  -> supprimée
2025-06-01 08:28:04,921 [INFO] [MENACE RÉINITIALISÉE] F4U (J2-A1) :  -> supprimée
2025-06-01 08:28:06,309 [INFO] [ROUND] Fin du round 1
2025-06-01 08:28:06,339 [INFO] [ETAT] A6M5 (J1-A1) : PV=12, Energie=0, Critiques=Arme Enrayée, Blackout
2025-06-01 08:28:06,355 [INFO] [ETAT] F4U (J2-A1) : PV=27, Energie=1, Critiques=Engine Damage
2025-06-01 08:28:06,373 [INFO] [SAUVEGARDE] Round 1 terminé et sauvegardé
2025-06-01 08:28:06,388 [INFO] [ROUND] Début du round 2
2025-06-01 08:28:06,406 [INFO] Démarrage du round 2
2025-06-01 08:28:06,421 [INFO] Rechargement des données du jeu depuis config.json
2025-06-01 08:28:06,438 [INFO] Données du jeu rechargées avec succès
2025-06-01 08:28:06,454 [INFO] Rechargement des données du jeu depuis config.json
2025-06-01 08:28:06,471 [INFO] Données du jeu rechargées avec succès
