2025-06-01 08:35:06,878 [INFO] === Démarrage de la partie 99 ===
2025-06-01 08:35:06,899 [INFO] Fichier de log: logs/game_99.log
2025-06-01 08:35:06,916 [INFO] Configuration JSON chargée et réinitialisée avec succès
2025-06-01 08:35:07,185 [INFO] Initialisation de l'application principale
2025-06-01 08:35:07,199 [DEBUG] Interface principale créée
2025-06-01 08:35:07,217 [DEBUG] Menu principal créé avec succès
2025-06-01 08:35:07,232 [INFO] Application démarrée avec succès
2025-06-01 08:35:08,702 [INFO] Configuration de la campagne test sauvegardée
2025-06-01 08:35:08,716 [INFO] Démarrage du round 1
2025-06-01 08:35:08,732 [INFO] Rechargement des données du jeu depuis config.json
2025-06-01 08:35:08,749 [INFO] Données du jeu rechargées avec succès
2025-06-01 08:35:08,765 [INFO] Rechargement des données du jeu depuis config.json
2025-06-01 08:35:08,782 [INFO] Données du jeu rechargées avec succès
2025-06-01 08:35:15,270 [INFO] [DEGATS] F4U (J2-A1) : subit 3 dégâts (PV: 27 -> 24)
2025-06-01 08:35:17,869 [INFO] [ENERGIE] F4U (J2-A1) : changement d'énergie de 0
2025-06-01 08:35:19,903 [INFO] [ENERGIE] A6M5 (J1-A1) : changement d'énergie de 0
2025-06-01 08:35:21,353 [INFO] [PHASE] Fin de la phase d'énergie - Round 1
2025-06-01 08:35:21,419 [INFO] [ENERGIE] F4U (J2-A1) : énergie finale = 1
2025-06-01 08:35:21,434 [INFO] [ENERGIE] A6M5 (J1-A1) : énergie finale = 1
2025-06-01 08:35:26,037 [INFO] [CRITIQUE] A6M5 (J1-A1) : critique(s) sélectionné(s) Arme Enrayée, Blackout (dé: 4, arme: mitraillette)
2025-06-01 08:35:27,853 [INFO] [CRITIQUE] A6M5 (J1-A1) : application des critiques Arme Enrayée, Blackout
2025-06-01 08:35:27,885 [INFO] Phase d'attaque terminée et sauvegardée
2025-06-01 08:35:27,903 [INFO] [ETAT] A6M5 (J1-A1) de l'équipe Japon est toujours actif
2025-06-01 08:35:27,916 [INFO] [ETAT] F4U (J2-A1) de l'équipe US est toujours actif
2025-06-01 08:35:27,932 [INFO] [ETAT] A6M5 (J1-A1) de l'équipe Japon est toujours actif
2025-06-01 08:35:27,948 [INFO] [ETAT] F4U (J2-A1) de l'équipe US est toujours actif
2025-06-01 08:35:27,965 [INFO] [MENACE RÉINITIALISÉE] A6M5 (J1-A1) :  -> supprimée
2025-06-01 08:35:27,982 [INFO] [MENACE RÉINITIALISÉE] F4U (J2-A1) :  -> supprimée
2025-06-01 08:35:29,670 [INFO] [ROUND] Fin du round 1
2025-06-01 08:35:29,700 [INFO] [ETAT] A6M5 (J1-A1) : PV=12, Energie=1, Critiques=Arme Enrayée, Blackout
2025-06-01 08:35:29,716 [INFO] [ETAT] F4U (J2-A1) : PV=24, Energie=1, Critiques=aucun
2025-06-01 08:35:29,733 [INFO] [SAUVEGARDE] Round 1 terminé et sauvegardé
2025-06-01 08:35:29,749 [INFO] [ROUND] Début du round 2
2025-06-01 08:35:29,768 [INFO] Démarrage du round 2
2025-06-01 08:35:29,782 [INFO] Rechargement des données du jeu depuis config.json
2025-06-01 08:35:29,798 [INFO] Données du jeu rechargées avec succès
2025-06-01 08:35:29,815 [INFO] Rechargement des données du jeu depuis config.json
2025-06-01 08:35:29,832 [INFO] Données du jeu rechargées avec succès
2025-06-01 08:35:38,070 [INFO] [DEGATS] A6M5 (J1-A1) : subit 6 dégâts (PV: 12 -> 6)
2025-06-01 08:35:41,169 [INFO] [ENERGIE] A6M5 (J1-A1) : changement d'énergie de 0
2025-06-01 08:35:43,286 [INFO] [ENERGIE] F4U (J2-A1) : changement d'énergie de 0
2025-06-01 08:35:47,853 [INFO] [DEGATS] A6M5 (J1-A1) : subit 6 dégâts (PV: 6 -> 0)
2025-06-01 08:35:47,867 [INFO] [DESTRUCTION] A6M5 (J1-A1) est détruit!
2025-06-01 08:35:50,568 [INFO] [PHASE] Fin de la phase d'énergie - Round 2
2025-06-01 08:35:50,584 [INFO] [ENERGIE] A6M5 (J1-A1) : énergie finale = 1
2025-06-01 08:35:50,599 [INFO] [ENERGIE] F4U (J2-A1) : énergie finale = 1
